Archive member included to satisfy reference by file (symbol)

.\CortexM0\ARM_GCC_541\Debug\BeoM_display.a(UART.o)
                              .\CortexM0\ARM_GCC_541\Debug\main.o (UART_Start)
.\CortexM0\ARM_GCC_541\Debug\BeoM_display.a(UART_SPI_UART.o)
                              .\CortexM0\ARM_GCC_541\Debug\display.o (UART_SpiUartWriteTxData)
.\CortexM0\ARM_GCC_541\Debug\BeoM_display.a(UART_UART.o)
                              .\CortexM0\ARM_GCC_541\Debug\BeoM_display.a(UART.o) (UART_UartInit)
.\CortexM0\ARM_GCC_541\Debug\BeoM_display.a(Bootloadable_1.o)
                              .\CortexM0\ARM_GCC_541\Debug\main.o (Bootloadable_1_Load)
.\CortexM0\ARM_GCC_541\Debug\BeoM_display.a(CyFlash.o)
                              .\CortexM0\ARM_GCC_541\Debug\BeoM_display.a(Bootloadable_1.o) (CySysFlashWriteRow)
.\CortexM0\ARM_GCC_541\Debug\BeoM_display.a(CyLib.o)
                              .\CortexM0\ARM_GCC_541\Debug\cyfitter_cfg.o (CySysClkWriteImoFreq)
.\CortexM0\ARM_GCC_541\Debug\BeoM_display.a(PSoC_LED.o)
                              .\CortexM0\ARM_GCC_541\Debug\main.o (PSoC_LED_Write)
.\CortexM0\ARM_GCC_541\Debug\BeoM_display.a(DISPLAY_Timer_INT.o)
                              .\CortexM0\ARM_GCC_541\Debug\main.o (DISPLAY_Timer_INT_StartEx)
.\CortexM0\ARM_GCC_541\Debug\BeoM_display.a(DISPLAY_Timer.o)
                              .\CortexM0\ARM_GCC_541\Debug\main.o (DISPLAY_Timer_Start)
.\CortexM0\ARM_GCC_541\Debug\BeoM_display.a(SPIS.o)
                              .\CortexM0\ARM_GCC_541\Debug\main.o (SPIS_Start)
.\CortexM0\ARM_GCC_541\Debug\BeoM_display.a(SPIS_SPI_UART.o)
                              .\CortexM0\ARM_GCC_541\Debug\operate.o (SPIS_SpiUartReadRxData)
.\CortexM0\ARM_GCC_541\Debug\BeoM_display.a(SPIS_SPI.o)
                              .\CortexM0\ARM_GCC_541\Debug\BeoM_display.a(SPIS.o) (SPIS_SpiInit)
.\CortexM0\ARM_GCC_541\Debug\BeoM_display.a(SPIS_SPI_UART_INT.o)
                              .\CortexM0\ARM_GCC_541\Debug\BeoM_display.a(SPIS_SPI.o) (SPIS_SPI_UART_ISR)
.\CortexM0\ARM_GCC_541\Debug\BeoM_display.a(Push_button.o)
                              .\CortexM0\ARM_GCC_541\Debug\main.o (Push_button_Read)
.\CortexM0\ARM_GCC_541\Debug\BeoM_display.a(CyBootAsmGnu.o)
                              .\CortexM0\ARM_GCC_541\Debug\BeoM_display.a(CyLib.o) (CyDelayCycles)
c:/program files (x86)/cypress/psoc creator/4.3/psoc creator/import/gnu/arm/5.4.1/bin/../lib/gcc/arm-none-eabi/5.4.1/armv6-m\libgcc.a(_udivsi3.o)
                              .\CortexM0\ARM_GCC_541\Debug\BeoM_display.a(CyLib.o) (__aeabi_uidiv)
c:/program files (x86)/cypress/psoc creator/4.3/psoc creator/import/gnu/arm/5.4.1/bin/../lib/gcc/arm-none-eabi/5.4.1/armv6-m\libgcc.a(_dvmd_tls.o)
                              c:/program files (x86)/cypress/psoc creator/4.3/psoc creator/import/gnu/arm/5.4.1/bin/../lib/gcc/arm-none-eabi/5.4.1/armv6-m\libgcc.a(_udivsi3.o) (__aeabi_idiv0)
c:/program files (x86)/cypress/psoc creator/4.3/psoc creator/import/gnu/arm/5.4.1/bin/../lib/gcc/arm-none-eabi/5.4.1/../../../../arm-none-eabi/lib/armv6-m\libg_nano.a(lib_a-errno.o)
                              .\CortexM0\ARM_GCC_541\Debug\Cm0Start.o (__errno)
c:/program files (x86)/cypress/psoc creator/4.3/psoc creator/import/gnu/arm/5.4.1/bin/../lib/gcc/arm-none-eabi/5.4.1/../../../../arm-none-eabi/lib/armv6-m\libg_nano.a(lib_a-exit.o)
                              c:/program files (x86)/cypress/psoc creator/4.3/psoc creator/import/gnu/arm/5.4.1/bin/../lib/gcc/arm-none-eabi/5.4.1/../../../../arm-none-eabi/lib/armv6-m/crt0.o (exit)
c:/program files (x86)/cypress/psoc creator/4.3/psoc creator/import/gnu/arm/5.4.1/bin/../lib/gcc/arm-none-eabi/5.4.1/../../../../arm-none-eabi/lib/armv6-m\libg_nano.a(lib_a-impure.o)
                              c:/program files (x86)/cypress/psoc creator/4.3/psoc creator/import/gnu/arm/5.4.1/bin/../lib/gcc/arm-none-eabi/5.4.1/../../../../arm-none-eabi/lib/armv6-m\libg_nano.a(lib_a-exit.o) (_global_impure_ptr)
c:/program files (x86)/cypress/psoc creator/4.3/psoc creator/import/gnu/arm/5.4.1/bin/../lib/gcc/arm-none-eabi/5.4.1/../../../../arm-none-eabi/lib/armv6-m\libg_nano.a(lib_a-init.o)
                              c:/program files (x86)/cypress/psoc creator/4.3/psoc creator/import/gnu/arm/5.4.1/bin/../lib/gcc/arm-none-eabi/5.4.1/../../../../arm-none-eabi/lib/armv6-m/crt0.o (__libc_init_array)
c:/program files (x86)/cypress/psoc creator/4.3/psoc creator/import/gnu/arm/5.4.1/bin/../lib/gcc/arm-none-eabi/5.4.1/../../../../arm-none-eabi/lib/armv6-m\libg_nano.a(lib_a-memcpy-stub.o)
                              .\CortexM0\ARM_GCC_541\Debug\cyfitter_cfg.o (memcpy)
c:/program files (x86)/cypress/psoc creator/4.3/psoc creator/import/gnu/arm/5.4.1/bin/../lib/gcc/arm-none-eabi/5.4.1/../../../../arm-none-eabi/lib/armv6-m\libg_nano.a(lib_a-memset.o)
                              c:/program files (x86)/cypress/psoc creator/4.3/psoc creator/import/gnu/arm/5.4.1/bin/../lib/gcc/arm-none-eabi/5.4.1/../../../../arm-none-eabi/lib/armv6-m/crt0.o (memset)

Allocating common symbols
Common symbol       size              file

SPIS_txBufferHead   0x4               .\CortexM0\ARM_GCC_541\Debug\BeoM_display.a(SPIS_SPI_UART.o)
SPIS_rxBufferOverflow
                    0x1               .\CortexM0\ARM_GCC_541\Debug\BeoM_display.a(SPIS_SPI_UART.o)
SPIS_rxBufferInternal
                    0x29              .\CortexM0\ARM_GCC_541\Debug\BeoM_display.a(SPIS_SPI_UART.o)
SPIS_txBufferTail   0x4               .\CortexM0\ARM_GCC_541\Debug\BeoM_display.a(SPIS_SPI_UART.o)
SPIS_rxBufferTail   0x4               .\CortexM0\ARM_GCC_541\Debug\BeoM_display.a(SPIS_SPI_UART.o)
SPIS_txBufferInternal
                    0x28              .\CortexM0\ARM_GCC_541\Debug\BeoM_display.a(SPIS_SPI_UART.o)
SPIS_rxBufferHead   0x4               .\CortexM0\ARM_GCC_541\Debug\BeoM_display.a(SPIS_SPI_UART.o)
ch                  0x4               .\CortexM0\ARM_GCC_541\Debug\main.o

Discarded input sections

 .text          0x00000000        0x0 c:/program files (x86)/cypress/psoc creator/4.3/psoc creator/import/gnu/arm/5.4.1/bin/../lib/gcc/arm-none-eabi/5.4.1/armv6-m/crti.o
 .data          0x00000000        0x0 c:/program files (x86)/cypress/psoc creator/4.3/psoc creator/import/gnu/arm/5.4.1/bin/../lib/gcc/arm-none-eabi/5.4.1/armv6-m/crti.o
 .bss           0x00000000        0x0 c:/program files (x86)/cypress/psoc creator/4.3/psoc creator/import/gnu/arm/5.4.1/bin/../lib/gcc/arm-none-eabi/5.4.1/armv6-m/crti.o
 .data          0x00000000        0x4 c:/program files (x86)/cypress/psoc creator/4.3/psoc creator/import/gnu/arm/5.4.1/bin/../lib/gcc/arm-none-eabi/5.4.1/armv6-m/crtbegin.o
 .text          0x00000000       0x78 c:/program files (x86)/cypress/psoc creator/4.3/psoc creator/import/gnu/arm/5.4.1/bin/../lib/gcc/arm-none-eabi/5.4.1/../../../../arm-none-eabi/lib/armv6-m/crt0.o
 .data          0x00000000        0x0 c:/program files (x86)/cypress/psoc creator/4.3/psoc creator/import/gnu/arm/5.4.1/bin/../lib/gcc/arm-none-eabi/5.4.1/../../../../arm-none-eabi/lib/armv6-m/crt0.o
 .bss           0x00000000        0x0 c:/program files (x86)/cypress/psoc creator/4.3/psoc creator/import/gnu/arm/5.4.1/bin/../lib/gcc/arm-none-eabi/5.4.1/../../../../arm-none-eabi/lib/armv6-m/crt0.o
 .ARM.extab     0x00000000        0x0 c:/program files (x86)/cypress/psoc creator/4.3/psoc creator/import/gnu/arm/5.4.1/bin/../lib/gcc/arm-none-eabi/5.4.1/../../../../arm-none-eabi/lib/armv6-m/crt0.o
 .ARM.exidx     0x00000000        0x8 c:/program files (x86)/cypress/psoc creator/4.3/psoc creator/import/gnu/arm/5.4.1/bin/../lib/gcc/arm-none-eabi/5.4.1/../../../../arm-none-eabi/lib/armv6-m/crt0.o
 .text          0x00000000        0x0 .\CortexM0\ARM_GCC_541\Debug\main.o
 .data          0x00000000        0x0 .\CortexM0\ARM_GCC_541\Debug\main.o
 .text          0x00000000        0x0 .\CortexM0\ARM_GCC_541\Debug\modes.o
 .data          0x00000000        0x0 .\CortexM0\ARM_GCC_541\Debug\modes.o
 .bss           0x00000000        0x0 .\CortexM0\ARM_GCC_541\Debug\modes.o
 .text          0x00000000        0x0 .\CortexM0\ARM_GCC_541\Debug\display.o
 .data          0x00000000        0x0 .\CortexM0\ARM_GCC_541\Debug\display.o
 .bss           0x00000000        0x0 .\CortexM0\ARM_GCC_541\Debug\display.o
 .text          0x00000000        0x0 .\CortexM0\ARM_GCC_541\Debug\inputs.o
 .data          0x00000000        0x0 .\CortexM0\ARM_GCC_541\Debug\inputs.o
 .text          0x00000000        0x0 .\CortexM0\ARM_GCC_541\Debug\operate.o
 .text          0x00000000        0x0 .\CortexM0\ARM_GCC_541\Debug\cyfitter_cfg.o
 .data          0x00000000        0x0 .\CortexM0\ARM_GCC_541\Debug\cyfitter_cfg.o
 .bss           0x00000000        0x0 .\CortexM0\ARM_GCC_541\Debug\cyfitter_cfg.o
 .text.CYCONFIGCPY
                0x00000000       0x20 .\CortexM0\ARM_GCC_541\Debug\cyfitter_cfg.o
 .text.CYCONFIGCPYCODE
                0x00000000       0x20 .\CortexM0\ARM_GCC_541\Debug\cyfitter_cfg.o
 .text          0x00000000        0x0 .\CortexM0\ARM_GCC_541\Debug\cybootloader.o
 .data          0x00000000        0x0 .\CortexM0\ARM_GCC_541\Debug\cybootloader.o
 .bss           0x00000000        0x0 .\CortexM0\ARM_GCC_541\Debug\cybootloader.o
 .text          0x00000000        0x0 .\CortexM0\ARM_GCC_541\Debug\cymetadata.o
 .data          0x00000000        0x0 .\CortexM0\ARM_GCC_541\Debug\cymetadata.o
 .bss           0x00000000        0x0 .\CortexM0\ARM_GCC_541\Debug\cymetadata.o
 .text          0x00000000        0x0 .\CortexM0\ARM_GCC_541\Debug\Cm0Start.o
 .data          0x00000000        0x4 .\CortexM0\ARM_GCC_541\Debug\Cm0Start.o
 .bss           0x00000000        0x0 .\CortexM0\ARM_GCC_541\Debug\Cm0Start.o
 .text._exit    0x00000000       0x14 .\CortexM0\ARM_GCC_541\Debug\Cm0Start.o
 .text._sbrk    0x00000000       0x54 .\CortexM0\ARM_GCC_541\Debug\Cm0Start.o
 .text          0x00000000        0x0 .\CortexM0\ARM_GCC_541\Debug\BeoM_display.a(UART.o)
 .data          0x00000000        0x0 .\CortexM0\ARM_GCC_541\Debug\BeoM_display.a(UART.o)
 .text.UART_Stop
                0x00000000       0x28 .\CortexM0\ARM_GCC_541\Debug\BeoM_display.a(UART.o)
 .text.UART_SetRxFifoLevel
                0x00000000       0x34 .\CortexM0\ARM_GCC_541\Debug\BeoM_display.a(UART.o)
 .text.UART_SetTxFifoLevel
                0x00000000       0x34 .\CortexM0\ARM_GCC_541\Debug\BeoM_display.a(UART.o)
 .text.UART_ScbModeStop
                0x00000000       0x10 .\CortexM0\ARM_GCC_541\Debug\BeoM_display.a(UART.o)
 .text.UART_I2CSlaveNackGeneration
                0x00000000       0x54 .\CortexM0\ARM_GCC_541\Debug\BeoM_display.a(UART.o)
 .text          0x00000000        0x0 .\CortexM0\ARM_GCC_541\Debug\BeoM_display.a(UART_SPI_UART.o)
 .data          0x00000000        0x0 .\CortexM0\ARM_GCC_541\Debug\BeoM_display.a(UART_SPI_UART.o)
 .bss           0x00000000        0x0 .\CortexM0\ARM_GCC_541\Debug\BeoM_display.a(UART_SPI_UART.o)
 .text.UART_SpiUartClearRxBuffer
                0x00000000       0x2c .\CortexM0\ARM_GCC_541\Debug\BeoM_display.a(UART_SPI_UART.o)
 .text.UART_SpiUartPutArray
                0x00000000       0x34 .\CortexM0\ARM_GCC_541\Debug\BeoM_display.a(UART_SPI_UART.o)
 .text.UART_SpiUartGetTxBufferSize
                0x00000000       0x20 .\CortexM0\ARM_GCC_541\Debug\BeoM_display.a(UART_SPI_UART.o)
 .text.UART_SpiUartClearTxBuffer
                0x00000000       0x2c .\CortexM0\ARM_GCC_541\Debug\BeoM_display.a(UART_SPI_UART.o)
 .text.UART_SpiUartDisableIntRx
                0x00000000       0x20 .\CortexM0\ARM_GCC_541\Debug\BeoM_display.a(UART_SPI_UART.o)
 .text.UART_SpiUartDisableIntTx
                0x00000000       0x20 .\CortexM0\ARM_GCC_541\Debug\BeoM_display.a(UART_SPI_UART.o)
 .text          0x00000000        0x0 .\CortexM0\ARM_GCC_541\Debug\BeoM_display.a(UART_UART.o)
 .data          0x00000000        0x0 .\CortexM0\ARM_GCC_541\Debug\BeoM_display.a(UART_UART.o)
 .bss           0x00000000        0x0 .\CortexM0\ARM_GCC_541\Debug\BeoM_display.a(UART_UART.o)
 .text.UART_UartStop
                0x00000000       0x34 .\CortexM0\ARM_GCC_541\Debug\BeoM_display.a(UART_UART.o)
 .text.UART_UartSetRxAddress
                0x00000000       0x34 .\CortexM0\ARM_GCC_541\Debug\BeoM_display.a(UART_UART.o)
 .text.UART_UartSetRxAddressMask
                0x00000000       0x38 .\CortexM0\ARM_GCC_541\Debug\BeoM_display.a(UART_UART.o)
 .text.UART_UartGetByte
                0x00000000       0x50 .\CortexM0\ARM_GCC_541\Debug\BeoM_display.a(UART_UART.o)
 .text.UART_UartPutCRLF
                0x00000000       0x24 .\CortexM0\ARM_GCC_541\Debug\BeoM_display.a(UART_UART.o)
 .text.UART_UartSendBreakBlocking
                0x00000000       0x7c .\CortexM0\ARM_GCC_541\Debug\BeoM_display.a(UART_UART.o)
 .text          0x00000000        0x0 .\CortexM0\ARM_GCC_541\Debug\BeoM_display.a(Bootloadable_1.o)
 .data          0x00000000        0x0 .\CortexM0\ARM_GCC_541\Debug\BeoM_display.a(Bootloadable_1.o)
 .bss           0x00000000        0x0 .\CortexM0\ARM_GCC_541\Debug\BeoM_display.a(Bootloadable_1.o)
 .text.Bootloadable_1_SetFlashByte
                0x00000000       0x98 .\CortexM0\ARM_GCC_541\Debug\BeoM_display.a(Bootloadable_1.o)
 .text          0x00000000        0x0 .\CortexM0\ARM_GCC_541\Debug\BeoM_display.a(CyFlash.o)
 .data          0x00000000        0x0 .\CortexM0\ARM_GCC_541\Debug\BeoM_display.a(CyFlash.o)
 .bss           0x00000000        0x4 .\CortexM0\ARM_GCC_541\Debug\BeoM_display.a(CyFlash.o)
 .text.CySysFlashWriteRow
                0x00000000      0x38c .\CortexM0\ARM_GCC_541\Debug\BeoM_display.a(CyFlash.o)
 .text.CySysFlashSetWaitCycles
                0x00000000       0x54 .\CortexM0\ARM_GCC_541\Debug\BeoM_display.a(CyFlash.o)
 .text.CySysFlashClockBackup
                0x00000000       0x24 .\CortexM0\ARM_GCC_541\Debug\BeoM_display.a(CyFlash.o)
 .text.CySysFlashClockRestore
                0x00000000       0x24 .\CortexM0\ARM_GCC_541\Debug\BeoM_display.a(CyFlash.o)
 .text          0x00000000        0x0 .\CortexM0\ARM_GCC_541\Debug\BeoM_display.a(CyLib.o)
 .bss           0x00000000       0x18 .\CortexM0\ARM_GCC_541\Debug\BeoM_display.a(CyLib.o)
 .text.CySysClkImoStart
                0x00000000       0x1c .\CortexM0\ARM_GCC_541\Debug\BeoM_display.a(CyLib.o)
 .text.CySysClkImoStop
                0x00000000       0x1c .\CortexM0\ARM_GCC_541\Debug\BeoM_display.a(CyLib.o)
 .text.CySysClkWriteHfclkDirect
                0x00000000       0x48 .\CortexM0\ARM_GCC_541\Debug\BeoM_display.a(CyLib.o)
 .text.CySysEnablePumpClock
                0x00000000       0x50 .\CortexM0\ARM_GCC_541\Debug\BeoM_display.a(CyLib.o)
 .text.CySysClkGetSysclkSource
                0x00000000       0x34 .\CortexM0\ARM_GCC_541\Debug\BeoM_display.a(CyLib.o)
 .text.CySysClkWriteSysclkDiv
                0x00000000       0x48 .\CortexM0\ARM_GCC_541\Debug\BeoM_display.a(CyLib.o)
 .text.CySysLvdEnable
                0x00000000       0x64 .\CortexM0\ARM_GCC_541\Debug\BeoM_display.a(CyLib.o)
 .text.CySysLvdDisable
                0x00000000       0x2c .\CortexM0\ARM_GCC_541\Debug\BeoM_display.a(CyLib.o)
 .text.CySysLvdGetInterruptSource
                0x00000000       0x18 .\CortexM0\ARM_GCC_541\Debug\BeoM_display.a(CyLib.o)
 .text.CySysLvdClearInterrupt
                0x00000000       0x14 .\CortexM0\ARM_GCC_541\Debug\BeoM_display.a(CyLib.o)
 .text.CySysGetResetReason
                0x00000000       0x30 .\CortexM0\ARM_GCC_541\Debug\BeoM_display.a(CyLib.o)
 .text.CyDisableInts
                0x00000000       0x24 .\CortexM0\ARM_GCC_541\Debug\BeoM_display.a(CyLib.o)
 .text.CyEnableInts
                0x00000000       0x1c .\CortexM0\ARM_GCC_541\Debug\BeoM_display.a(CyLib.o)
 .text.CyIntSetSysVector
                0x00000000       0x48 .\CortexM0\ARM_GCC_541\Debug\BeoM_display.a(CyLib.o)
 .text.CyIntGetSysVector
                0x00000000       0x34 .\CortexM0\ARM_GCC_541\Debug\BeoM_display.a(CyLib.o)
 .text.CyIntGetVector
                0x00000000       0x38 .\CortexM0\ARM_GCC_541\Debug\BeoM_display.a(CyLib.o)
 .text.CyIntGetPriority
                0x00000000       0x58 .\CortexM0\ARM_GCC_541\Debug\BeoM_display.a(CyLib.o)
 .text.CyIntGetState
                0x00000000       0x30 .\CortexM0\ARM_GCC_541\Debug\BeoM_display.a(CyLib.o)
 .text.CyIntSetPending
                0x00000000       0x2c .\CortexM0\ARM_GCC_541\Debug\BeoM_display.a(CyLib.o)
 .text.CyIntClearPending
                0x00000000       0x2c .\CortexM0\ARM_GCC_541\Debug\BeoM_display.a(CyLib.o)
 .text.CyDelay  0x00000000       0x4c .\CortexM0\ARM_GCC_541\Debug\BeoM_display.a(CyLib.o)
 .text.CyDelayFreq
                0x00000000       0x84 .\CortexM0\ARM_GCC_541\Debug\BeoM_display.a(CyLib.o)
 .text.CySysTickStart
                0x00000000       0x24 .\CortexM0\ARM_GCC_541\Debug\BeoM_display.a(CyLib.o)
 .text.CySysTickInit
                0x00000000       0x5c .\CortexM0\ARM_GCC_541\Debug\BeoM_display.a(CyLib.o)
 .text.CySysTickEnable
                0x00000000       0x20 .\CortexM0\ARM_GCC_541\Debug\BeoM_display.a(CyLib.o)
 .text.CySysTickStop
                0x00000000       0x1c .\CortexM0\ARM_GCC_541\Debug\BeoM_display.a(CyLib.o)
 .text.CySysTickEnableInterrupt
                0x00000000       0x1c .\CortexM0\ARM_GCC_541\Debug\BeoM_display.a(CyLib.o)
 .text.CySysTickDisableInterrupt
                0x00000000       0x1c .\CortexM0\ARM_GCC_541\Debug\BeoM_display.a(CyLib.o)
 .text.CySysTickSetReload
                0x00000000       0x20 .\CortexM0\ARM_GCC_541\Debug\BeoM_display.a(CyLib.o)
 .text.CySysTickGetReload
                0x00000000       0x18 .\CortexM0\ARM_GCC_541\Debug\BeoM_display.a(CyLib.o)
 .text.CySysTickGetValue
                0x00000000       0x18 .\CortexM0\ARM_GCC_541\Debug\BeoM_display.a(CyLib.o)
 .text.CySysTickGetCountFlag
                0x00000000       0x18 .\CortexM0\ARM_GCC_541\Debug\BeoM_display.a(CyLib.o)
 .text.CySysTickClear
                0x00000000       0x14 .\CortexM0\ARM_GCC_541\Debug\BeoM_display.a(CyLib.o)
 .text.CySysTickSetCallback
                0x00000000       0x2c .\CortexM0\ARM_GCC_541\Debug\BeoM_display.a(CyLib.o)
 .text.CySysTickGetCallback
                0x00000000       0x1c .\CortexM0\ARM_GCC_541\Debug\BeoM_display.a(CyLib.o)
 .text.CySysTickServiceCallbacks
                0x00000000       0x44 .\CortexM0\ARM_GCC_541\Debug\BeoM_display.a(CyLib.o)
 .text.CyGetUniqueId
                0x00000000       0xc0 .\CortexM0\ARM_GCC_541\Debug\BeoM_display.a(CyLib.o)
 .text          0x00000000        0x0 .\CortexM0\ARM_GCC_541\Debug\BeoM_display.a(PSoC_LED.o)
 .data          0x00000000        0x0 .\CortexM0\ARM_GCC_541\Debug\BeoM_display.a(PSoC_LED.o)
 .bss           0x00000000        0x0 .\CortexM0\ARM_GCC_541\Debug\BeoM_display.a(PSoC_LED.o)
 .text.PSoC_LED_SetDriveMode
                0x00000000       0x30 .\CortexM0\ARM_GCC_541\Debug\BeoM_display.a(PSoC_LED.o)
 .text.PSoC_LED_ReadDataReg
                0x00000000       0x1c .\CortexM0\ARM_GCC_541\Debug\BeoM_display.a(PSoC_LED.o)
 .text.PSoC_LED_SetInterruptMode
                0x00000000       0x44 .\CortexM0\ARM_GCC_541\Debug\BeoM_display.a(PSoC_LED.o)
 .text.PSoC_LED_ClearInterrupt
                0x00000000       0x30 .\CortexM0\ARM_GCC_541\Debug\BeoM_display.a(PSoC_LED.o)
 .text          0x00000000        0x0 .\CortexM0\ARM_GCC_541\Debug\BeoM_display.a(DISPLAY_Timer_INT.o)
 .data          0x00000000        0x0 .\CortexM0\ARM_GCC_541\Debug\BeoM_display.a(DISPLAY_Timer_INT.o)
 .bss           0x00000000        0x0 .\CortexM0\ARM_GCC_541\Debug\BeoM_display.a(DISPLAY_Timer_INT.o)
 .text.DISPLAY_Timer_INT_Start
                0x00000000       0x24 .\CortexM0\ARM_GCC_541\Debug\BeoM_display.a(DISPLAY_Timer_INT.o)
 .text.DISPLAY_Timer_INT_Stop
                0x00000000       0x1c .\CortexM0\ARM_GCC_541\Debug\BeoM_display.a(DISPLAY_Timer_INT.o)
 .text.DISPLAY_Timer_INT_Interrupt
                0x00000000        0xc .\CortexM0\ARM_GCC_541\Debug\BeoM_display.a(DISPLAY_Timer_INT.o)
 .text.DISPLAY_Timer_INT_GetVector
                0x00000000       0x14 .\CortexM0\ARM_GCC_541\Debug\BeoM_display.a(DISPLAY_Timer_INT.o)
 .text.DISPLAY_Timer_INT_GetPriority
                0x00000000       0x2c .\CortexM0\ARM_GCC_541\Debug\BeoM_display.a(DISPLAY_Timer_INT.o)
 .text.DISPLAY_Timer_INT_GetState
                0x00000000       0x1c .\CortexM0\ARM_GCC_541\Debug\BeoM_display.a(DISPLAY_Timer_INT.o)
 .text.DISPLAY_Timer_INT_SetPending
                0x00000000       0x14 .\CortexM0\ARM_GCC_541\Debug\BeoM_display.a(DISPLAY_Timer_INT.o)
 .text.DISPLAY_Timer_INT_ClearPending
                0x00000000       0x14 .\CortexM0\ARM_GCC_541\Debug\BeoM_display.a(DISPLAY_Timer_INT.o)
 .text          0x00000000        0x0 .\CortexM0\ARM_GCC_541\Debug\BeoM_display.a(DISPLAY_Timer.o)
 .data          0x00000000        0x0 .\CortexM0\ARM_GCC_541\Debug\BeoM_display.a(DISPLAY_Timer.o)
 .text.DISPLAY_Timer_SoftwareCapture
                0x00000000       0x14 .\CortexM0\ARM_GCC_541\Debug\BeoM_display.a(DISPLAY_Timer.o)
 .text.DISPLAY_Timer_ReadControlRegister
                0x00000000       0x14 .\CortexM0\ARM_GCC_541\Debug\BeoM_display.a(DISPLAY_Timer.o)
 .text.DISPLAY_Timer_WriteControlRegister
                0x00000000       0x20 .\CortexM0\ARM_GCC_541\Debug\BeoM_display.a(DISPLAY_Timer.o)
 .text.DISPLAY_Timer_ReadPeriod
                0x00000000       0x14 .\CortexM0\ARM_GCC_541\Debug\BeoM_display.a(DISPLAY_Timer.o)
 .text.DISPLAY_Timer_ReadCounter
                0x00000000       0x1c .\CortexM0\ARM_GCC_541\Debug\BeoM_display.a(DISPLAY_Timer.o)
 .text          0x00000000        0x0 .\CortexM0\ARM_GCC_541\Debug\BeoM_display.a(SPIS.o)
 .data          0x00000000        0x0 .\CortexM0\ARM_GCC_541\Debug\BeoM_display.a(SPIS.o)
 .text.SPIS_Stop
                0x00000000       0x34 .\CortexM0\ARM_GCC_541\Debug\BeoM_display.a(SPIS.o)
 .text.SPIS_SetRxFifoLevel
                0x00000000       0x34 .\CortexM0\ARM_GCC_541\Debug\BeoM_display.a(SPIS.o)
 .text.SPIS_SetTxFifoLevel
                0x00000000       0x34 .\CortexM0\ARM_GCC_541\Debug\BeoM_display.a(SPIS.o)
 .text.SPIS_ScbModeStop
                0x00000000       0x10 .\CortexM0\ARM_GCC_541\Debug\BeoM_display.a(SPIS.o)
 .text.SPIS_I2CSlaveNackGeneration
                0x00000000       0x54 .\CortexM0\ARM_GCC_541\Debug\BeoM_display.a(SPIS.o)
 .text          0x00000000        0x0 .\CortexM0\ARM_GCC_541\Debug\BeoM_display.a(SPIS_SPI_UART.o)
 .data          0x00000000        0x0 .\CortexM0\ARM_GCC_541\Debug\BeoM_display.a(SPIS_SPI_UART.o)
 .bss           0x00000000        0x0 .\CortexM0\ARM_GCC_541\Debug\BeoM_display.a(SPIS_SPI_UART.o)
 .text.SPIS_SpiUartGetTxBufferSize
                0x00000000       0x40 .\CortexM0\ARM_GCC_541\Debug\BeoM_display.a(SPIS_SPI_UART.o)
 .text.SPIS_SpiUartDisableIntRx
                0x00000000       0x20 .\CortexM0\ARM_GCC_541\Debug\BeoM_display.a(SPIS_SPI_UART.o)
 .text.SPIS_SpiUartDisableIntTx
                0x00000000       0x20 .\CortexM0\ARM_GCC_541\Debug\BeoM_display.a(SPIS_SPI_UART.o)
 .text          0x00000000        0x0 .\CortexM0\ARM_GCC_541\Debug\BeoM_display.a(SPIS_SPI.o)
 .data          0x00000000        0x0 .\CortexM0\ARM_GCC_541\Debug\BeoM_display.a(SPIS_SPI.o)
 .bss           0x00000000        0x0 .\CortexM0\ARM_GCC_541\Debug\BeoM_display.a(SPIS_SPI.o)
 .text.SPIS_SpiStop
                0x00000000       0x24 .\CortexM0\ARM_GCC_541\Debug\BeoM_display.a(SPIS_SPI.o)
 .text          0x00000000        0x0 .\CortexM0\ARM_GCC_541\Debug\BeoM_display.a(SPIS_SPI_UART_INT.o)
 .data          0x00000000        0x0 .\CortexM0\ARM_GCC_541\Debug\BeoM_display.a(SPIS_SPI_UART_INT.o)
 .bss           0x00000000        0x0 .\CortexM0\ARM_GCC_541\Debug\BeoM_display.a(SPIS_SPI_UART_INT.o)
 .text          0x00000000        0x0 .\CortexM0\ARM_GCC_541\Debug\BeoM_display.a(Push_button.o)
 .data          0x00000000        0x0 .\CortexM0\ARM_GCC_541\Debug\BeoM_display.a(Push_button.o)
 .bss           0x00000000        0x0 .\CortexM0\ARM_GCC_541\Debug\BeoM_display.a(Push_button.o)
 .text.Push_button_SetDriveMode
                0x00000000       0x30 .\CortexM0\ARM_GCC_541\Debug\BeoM_display.a(Push_button.o)
 .text.Push_button_Write
                0x00000000       0x48 .\CortexM0\ARM_GCC_541\Debug\BeoM_display.a(Push_button.o)
 .text.Push_button_ReadDataReg
                0x00000000       0x1c .\CortexM0\ARM_GCC_541\Debug\BeoM_display.a(Push_button.o)
 .text.Push_button_SetInterruptMode
                0x00000000       0x44 .\CortexM0\ARM_GCC_541\Debug\BeoM_display.a(Push_button.o)
 .text.Push_button_ClearInterrupt
                0x00000000       0x30 .\CortexM0\ARM_GCC_541\Debug\BeoM_display.a(Push_button.o)
 .data          0x00000000        0x0 .\CortexM0\ARM_GCC_541\Debug\BeoM_display.a(CyBootAsmGnu.o)
 .bss           0x00000000        0x0 .\CortexM0\ARM_GCC_541\Debug\BeoM_display.a(CyBootAsmGnu.o)
 .text          0x00000000      0x114 c:/program files (x86)/cypress/psoc creator/4.3/psoc creator/import/gnu/arm/5.4.1/bin/../lib/gcc/arm-none-eabi/5.4.1/armv6-m\libgcc.a(_udivsi3.o)
 .data          0x00000000        0x0 c:/program files (x86)/cypress/psoc creator/4.3/psoc creator/import/gnu/arm/5.4.1/bin/../lib/gcc/arm-none-eabi/5.4.1/armv6-m\libgcc.a(_udivsi3.o)
 .bss           0x00000000        0x0 c:/program files (x86)/cypress/psoc creator/4.3/psoc creator/import/gnu/arm/5.4.1/bin/../lib/gcc/arm-none-eabi/5.4.1/armv6-m\libgcc.a(_udivsi3.o)
 .text          0x00000000        0x4 c:/program files (x86)/cypress/psoc creator/4.3/psoc creator/import/gnu/arm/5.4.1/bin/../lib/gcc/arm-none-eabi/5.4.1/armv6-m\libgcc.a(_dvmd_tls.o)
 .data          0x00000000        0x0 c:/program files (x86)/cypress/psoc creator/4.3/psoc creator/import/gnu/arm/5.4.1/bin/../lib/gcc/arm-none-eabi/5.4.1/armv6-m\libgcc.a(_dvmd_tls.o)
 .bss           0x00000000        0x0 c:/program files (x86)/cypress/psoc creator/4.3/psoc creator/import/gnu/arm/5.4.1/bin/../lib/gcc/arm-none-eabi/5.4.1/armv6-m\libgcc.a(_dvmd_tls.o)
 .text          0x00000000        0x0 c:/program files (x86)/cypress/psoc creator/4.3/psoc creator/import/gnu/arm/5.4.1/bin/../lib/gcc/arm-none-eabi/5.4.1/../../../../arm-none-eabi/lib/armv6-m\libg_nano.a(lib_a-errno.o)
 .data          0x00000000        0x0 c:/program files (x86)/cypress/psoc creator/4.3/psoc creator/import/gnu/arm/5.4.1/bin/../lib/gcc/arm-none-eabi/5.4.1/../../../../arm-none-eabi/lib/armv6-m\libg_nano.a(lib_a-errno.o)
 .bss           0x00000000        0x0 c:/program files (x86)/cypress/psoc creator/4.3/psoc creator/import/gnu/arm/5.4.1/bin/../lib/gcc/arm-none-eabi/5.4.1/../../../../arm-none-eabi/lib/armv6-m\libg_nano.a(lib_a-errno.o)
 .text          0x00000000        0x0 c:/program files (x86)/cypress/psoc creator/4.3/psoc creator/import/gnu/arm/5.4.1/bin/../lib/gcc/arm-none-eabi/5.4.1/../../../../arm-none-eabi/lib/armv6-m\libg_nano.a(lib_a-exit.o)
 .data          0x00000000        0x0 c:/program files (x86)/cypress/psoc creator/4.3/psoc creator/import/gnu/arm/5.4.1/bin/../lib/gcc/arm-none-eabi/5.4.1/../../../../arm-none-eabi/lib/armv6-m\libg_nano.a(lib_a-exit.o)
 .bss           0x00000000        0x0 c:/program files (x86)/cypress/psoc creator/4.3/psoc creator/import/gnu/arm/5.4.1/bin/../lib/gcc/arm-none-eabi/5.4.1/../../../../arm-none-eabi/lib/armv6-m\libg_nano.a(lib_a-exit.o)
 .text.exit     0x00000000       0x2c c:/program files (x86)/cypress/psoc creator/4.3/psoc creator/import/gnu/arm/5.4.1/bin/../lib/gcc/arm-none-eabi/5.4.1/../../../../arm-none-eabi/lib/armv6-m\libg_nano.a(lib_a-exit.o)
 .text          0x00000000        0x0 c:/program files (x86)/cypress/psoc creator/4.3/psoc creator/import/gnu/arm/5.4.1/bin/../lib/gcc/arm-none-eabi/5.4.1/../../../../arm-none-eabi/lib/armv6-m\libg_nano.a(lib_a-impure.o)
 .data          0x00000000        0x0 c:/program files (x86)/cypress/psoc creator/4.3/psoc creator/import/gnu/arm/5.4.1/bin/../lib/gcc/arm-none-eabi/5.4.1/../../../../arm-none-eabi/lib/armv6-m\libg_nano.a(lib_a-impure.o)
 .bss           0x00000000        0x0 c:/program files (x86)/cypress/psoc creator/4.3/psoc creator/import/gnu/arm/5.4.1/bin/../lib/gcc/arm-none-eabi/5.4.1/../../../../arm-none-eabi/lib/armv6-m\libg_nano.a(lib_a-impure.o)
 .rodata._global_impure_ptr
                0x00000000        0x4 c:/program files (x86)/cypress/psoc creator/4.3/psoc creator/import/gnu/arm/5.4.1/bin/../lib/gcc/arm-none-eabi/5.4.1/../../../../arm-none-eabi/lib/armv6-m\libg_nano.a(lib_a-impure.o)
 .text          0x00000000        0x0 c:/program files (x86)/cypress/psoc creator/4.3/psoc creator/import/gnu/arm/5.4.1/bin/../lib/gcc/arm-none-eabi/5.4.1/../../../../arm-none-eabi/lib/armv6-m\libg_nano.a(lib_a-init.o)
 .data          0x00000000        0x0 c:/program files (x86)/cypress/psoc creator/4.3/psoc creator/import/gnu/arm/5.4.1/bin/../lib/gcc/arm-none-eabi/5.4.1/../../../../arm-none-eabi/lib/armv6-m\libg_nano.a(lib_a-init.o)
 .bss           0x00000000        0x0 c:/program files (x86)/cypress/psoc creator/4.3/psoc creator/import/gnu/arm/5.4.1/bin/../lib/gcc/arm-none-eabi/5.4.1/../../../../arm-none-eabi/lib/armv6-m\libg_nano.a(lib_a-init.o)
 .text          0x00000000        0x0 c:/program files (x86)/cypress/psoc creator/4.3/psoc creator/import/gnu/arm/5.4.1/bin/../lib/gcc/arm-none-eabi/5.4.1/../../../../arm-none-eabi/lib/armv6-m\libg_nano.a(lib_a-memcpy-stub.o)
 .data          0x00000000        0x0 c:/program files (x86)/cypress/psoc creator/4.3/psoc creator/import/gnu/arm/5.4.1/bin/../lib/gcc/arm-none-eabi/5.4.1/../../../../arm-none-eabi/lib/armv6-m\libg_nano.a(lib_a-memcpy-stub.o)
 .bss           0x00000000        0x0 c:/program files (x86)/cypress/psoc creator/4.3/psoc creator/import/gnu/arm/5.4.1/bin/../lib/gcc/arm-none-eabi/5.4.1/../../../../arm-none-eabi/lib/armv6-m\libg_nano.a(lib_a-memcpy-stub.o)
 .text.memcpy   0x00000000       0x12 c:/program files (x86)/cypress/psoc creator/4.3/psoc creator/import/gnu/arm/5.4.1/bin/../lib/gcc/arm-none-eabi/5.4.1/../../../../arm-none-eabi/lib/armv6-m\libg_nano.a(lib_a-memcpy-stub.o)
 .text          0x00000000        0x0 c:/program files (x86)/cypress/psoc creator/4.3/psoc creator/import/gnu/arm/5.4.1/bin/../lib/gcc/arm-none-eabi/5.4.1/../../../../arm-none-eabi/lib/armv6-m\libg_nano.a(lib_a-memset.o)
 .data          0x00000000        0x0 c:/program files (x86)/cypress/psoc creator/4.3/psoc creator/import/gnu/arm/5.4.1/bin/../lib/gcc/arm-none-eabi/5.4.1/../../../../arm-none-eabi/lib/armv6-m\libg_nano.a(lib_a-memset.o)
 .bss           0x00000000        0x0 c:/program files (x86)/cypress/psoc creator/4.3/psoc creator/import/gnu/arm/5.4.1/bin/../lib/gcc/arm-none-eabi/5.4.1/../../../../arm-none-eabi/lib/armv6-m\libg_nano.a(lib_a-memset.o)
 .text          0x00000000        0x0 c:/program files (x86)/cypress/psoc creator/4.3/psoc creator/import/gnu/arm/5.4.1/bin/../lib/gcc/arm-none-eabi/5.4.1/armv6-m/crtend.o
 .data          0x00000000        0x0 c:/program files (x86)/cypress/psoc creator/4.3/psoc creator/import/gnu/arm/5.4.1/bin/../lib/gcc/arm-none-eabi/5.4.1/armv6-m/crtend.o
 .bss           0x00000000        0x0 c:/program files (x86)/cypress/psoc creator/4.3/psoc creator/import/gnu/arm/5.4.1/bin/../lib/gcc/arm-none-eabi/5.4.1/armv6-m/crtend.o
 .text          0x00000000        0x0 c:/program files (x86)/cypress/psoc creator/4.3/psoc creator/import/gnu/arm/5.4.1/bin/../lib/gcc/arm-none-eabi/5.4.1/armv6-m/crtn.o
 .data          0x00000000        0x0 c:/program files (x86)/cypress/psoc creator/4.3/psoc creator/import/gnu/arm/5.4.1/bin/../lib/gcc/arm-none-eabi/5.4.1/armv6-m/crtn.o
 .bss           0x00000000        0x0 c:/program files (x86)/cypress/psoc creator/4.3/psoc creator/import/gnu/arm/5.4.1/bin/../lib/gcc/arm-none-eabi/5.4.1/armv6-m/crtn.o

Memory Configuration

Name             Origin             Length             Attributes
rom              0x00000000         0x00008000         xr
ram              0x20000000         0x00001000         xrw
*default*        0x00000000         0xffffffff

Linker script and memory map

LOAD c:/program files (x86)/cypress/psoc creator/4.3/psoc creator/import/gnu/arm/5.4.1/bin/../lib/gcc/arm-none-eabi/5.4.1/armv6-m/crti.o
LOAD c:/program files (x86)/cypress/psoc creator/4.3/psoc creator/import/gnu/arm/5.4.1/bin/../lib/gcc/arm-none-eabi/5.4.1/armv6-m/crtbegin.o
LOAD c:/program files (x86)/cypress/psoc creator/4.3/psoc creator/import/gnu/arm/5.4.1/bin/../lib/gcc/arm-none-eabi/5.4.1/../../../../arm-none-eabi/lib/armv6-m/crt0.o
START GROUP
LOAD .\CortexM0\ARM_GCC_541\Debug\main.o
LOAD .\CortexM0\ARM_GCC_541\Debug\modes.o
LOAD .\CortexM0\ARM_GCC_541\Debug\display.o
LOAD .\CortexM0\ARM_GCC_541\Debug\inputs.o
LOAD .\CortexM0\ARM_GCC_541\Debug\operate.o
LOAD .\CortexM0\ARM_GCC_541\Debug\cyfitter_cfg.o
LOAD .\CortexM0\ARM_GCC_541\Debug\cybootloader.o
LOAD .\CortexM0\ARM_GCC_541\Debug\cymetadata.o
LOAD .\CortexM0\ARM_GCC_541\Debug\Cm0Start.o
LOAD .\CortexM0\ARM_GCC_541\Debug\BeoM_display.a
END GROUP
START GROUP
LOAD c:/program files (x86)/cypress/psoc creator/4.3/psoc creator/import/gnu/arm/5.4.1/bin/../lib/gcc/arm-none-eabi/5.4.1/armv6-m\libgcc.a
LOAD c:/program files (x86)/cypress/psoc creator/4.3/psoc creator/import/gnu/arm/5.4.1/bin/../lib/gcc/arm-none-eabi/5.4.1/../../../../arm-none-eabi/lib/armv6-m\libg_nano.a
LOAD c:/program files (x86)/cypress/psoc creator/4.3/psoc creator/import/gnu/arm/5.4.1/bin/../lib/gcc/arm-none-eabi/5.4.1/../../../../arm-none-eabi/lib/armv6-m\libc_nano.a
END GROUP
START GROUP
LOAD c:/program files (x86)/cypress/psoc creator/4.3/psoc creator/import/gnu/arm/5.4.1/bin/../lib/gcc/arm-none-eabi/5.4.1/armv6-m\libgcc.a
LOAD c:/program files (x86)/cypress/psoc creator/4.3/psoc creator/import/gnu/arm/5.4.1/bin/../lib/gcc/arm-none-eabi/5.4.1/../../../../arm-none-eabi/lib/armv6-m\libc_nano.a
END GROUP
LOAD c:/program files (x86)/cypress/psoc creator/4.3/psoc creator/import/gnu/arm/5.4.1/bin/../lib/gcc/arm-none-eabi/5.4.1/armv6-m/crtend.o
LOAD c:/program files (x86)/cypress/psoc creator/4.3/psoc creator/import/gnu/arm/5.4.1/bin/../lib/gcc/arm-none-eabi/5.4.1/armv6-m/crtn.o
START GROUP
LOAD c:/program files (x86)/cypress/psoc creator/4.3/psoc creator/import/gnu/arm/5.4.1/bin/../lib/gcc/arm-none-eabi/5.4.1/armv6-m\libgcc.a
LOAD c:/program files (x86)/cypress/psoc creator/4.3/psoc creator/import/gnu/arm/5.4.1/bin/../lib/gcc/arm-none-eabi/5.4.1/../../../../arm-none-eabi/lib/armv6-m\libc.a
LOAD c:/program files (x86)/cypress/psoc creator/4.3/psoc creator/import/gnu/arm/5.4.1/bin/../lib/gcc/arm-none-eabi/5.4.1/../../../../arm-none-eabi/lib/armv6-m\libnosys.a
END GROUP
                0x00000000                CY_APPL_ORIGIN = 0x0
                0x00000080                CY_FLASH_ROW_SIZE = 0x80
                0x00000001                CY_APPL_NUM = 0x1
                0x00000001                CY_APPL_MAX = 0x1
                0x00000040                CY_METADATA_SIZE = 0x40
                0x00000001                CY_APPL_LOADABLE = 0x1
                0x00000080                CY_CHECKSUM_EXCLUDE_SIZE = ALIGN (0x80, CY_FLASH_ROW_SIZE)
                0x00000000                CY_APP_FOR_STACK_AND_COPIER = 0x0
                [!provide]                PROVIDE (__cy_heap_start, _end)
                0x00000001                PROVIDE (__cy_region_num, ((__cy_regions_end - __cy_regions) / 0x10))
                0x20001000                PROVIDE (__cy_stack, (ORIGIN (ram) + LENGTH (ram)))
                [!provide]                PROVIDE (__cy_heap_end, (__cy_stack - 0x400))

.cybootloader   0x00000000     0x1100
 *(.cybootloader)
 .cybootloader  0x00000000     0x1100 .\CortexM0\ARM_GCC_541\Debug\cybootloader.o
                0x00000000                cy_bootloader
                0x00001100                appl1_start = CY_APPL_ORIGIN?CY_APPL_ORIGIN:ALIGN (CY_FLASH_ROW_SIZE)
                0x00004800                appl2_start = (appl1_start + ALIGN ((((LENGTH (rom) - appl1_start) - (0x2 * CY_FLASH_ROW_SIZE)) / 0x2), CY_FLASH_ROW_SIZE))
                0x00001100                appl_start = (CY_APPL_NUM == 0x1)?appl1_start:appl2_start
                0x00000000                cy_project_type_bootloader = (appl_start == 0x0)?0x1:0x0
                0x00000000                cy_project_type_app_for_stack_and_copier = (CY_APP_FOR_STACK_AND_COPIER == 0x1)?0x1:0x0

.text           0x00001100     0x1674
 CREATE_OBJECT_SYMBOLS
                0x00001100                PROVIDE (__cy_interrupt_vector, RomVectors)
 *(.romvectors)
 .romvectors    0x00001100       0x10 .\CortexM0\ARM_GCC_541\Debug\Cm0Start.o
                0x00001100                RomVectors
                0x00000001                ASSERT ((. != __cy_interrupt_vector), No interrupt vector)
                0x00000001                ASSERT (CY_APPL_ORIGIN?(SIZEOF (.cybootloader) <= CY_APPL_ORIGIN):0x1, Wrong image location)
                0x00001110                PROVIDE (__cy_reset, Reset)
 *(.text.Reset)
 .text.Reset    0x00001110       0x14 .\CortexM0\ARM_GCC_541\Debug\Cm0Start.o
                0x00001110                Reset
                0x00000001                ASSERT ((. != __cy_reset), No reset code)
 *(.psocinit)
 .psocinit      0x00001124      0x228 .\CortexM0\ARM_GCC_541\Debug\cyfitter_cfg.o
                0x000011d8                cyfitter_cfg
                0x0000134c                . = MAX (., 0x100)
 *(.text .text.* .gnu.linkonce.t.*)
 .text          0x0000134c       0x60 c:/program files (x86)/cypress/psoc creator/4.3/psoc creator/import/gnu/arm/5.4.1/bin/../lib/gcc/arm-none-eabi/5.4.1/armv6-m/crtbegin.o
 .text.main     0x000013ac       0xd0 .\CortexM0\ARM_GCC_541\Debug\main.o
                0x000013ac                main
 .text.SPI_message_reader
                0x0000147c      0x1e0 .\CortexM0\ARM_GCC_541\Debug\display.o
                0x0000147c                SPI_message_reader
 .text.DISPLAY_Timer_INTHandler
                0x0000165c       0x1c .\CortexM0\ARM_GCC_541\Debug\inputs.o
                0x0000165c                DISPLAY_Timer_INTHandler
 .text.Slave_ISR
                0x00001678       0x14 .\CortexM0\ARM_GCC_541\Debug\inputs.o
                0x00001678                Slave_ISR
 .text.SPIS_WaitForCommand
                0x0000168c       0xa4 .\CortexM0\ARM_GCC_541\Debug\operate.o
                0x0000168c                SPIS_WaitForCommand
 .text.SPIS_CleanupAfterRead
                0x00001730       0x48 .\CortexM0\ARM_GCC_541\Debug\operate.o
                0x00001730                SPIS_CleanupAfterRead
 .text.SPIS_UpdateStatus
                0x00001778       0x2c .\CortexM0\ARM_GCC_541\Debug\operate.o
                0x00001778                SPIS_UpdateStatus
 .text.CYMEMZERO
                0x000017a4       0x20 .\CortexM0\ARM_GCC_541\Debug\cyfitter_cfg.o
 .text.cfg_write_bytes32
                0x000017c4       0x84 .\CortexM0\ARM_GCC_541\Debug\cyfitter_cfg.o
 .text.AnalogSetDefault
                0x00001848        0xc .\CortexM0\ARM_GCC_541\Debug\cyfitter_cfg.o
 .text.IntDefaultHandler
                0x00001854       0x14 .\CortexM0\ARM_GCC_541\Debug\Cm0Start.o
                0x00001854                IntDefaultHandler
 .text.Start_c  0x00001868       0x98 .\CortexM0\ARM_GCC_541\Debug\Cm0Start.o
                0x00001868                Start_c
 .text.initialize_psoc
                0x00001900       0x78 .\CortexM0\ARM_GCC_541\Debug\Cm0Start.o
                0x00001900                initialize_psoc
 .text.UART_Init
                0x00001978       0x10 .\CortexM0\ARM_GCC_541\Debug\BeoM_display.a(UART.o)
                0x00001978                UART_Init
 .text.UART_Enable
                0x00001988       0x24 .\CortexM0\ARM_GCC_541\Debug\BeoM_display.a(UART.o)
                0x00001988                UART_Enable
 .text.UART_Start
                0x000019ac       0x24 .\CortexM0\ARM_GCC_541\Debug\BeoM_display.a(UART.o)
                0x000019ac                UART_Start
 .text.UART_ScbEnableIntr
                0x000019d0        0xc .\CortexM0\ARM_GCC_541\Debug\BeoM_display.a(UART.o)
 .text.UART_ScbModePostEnable
                0x000019dc       0x10 .\CortexM0\ARM_GCC_541\Debug\BeoM_display.a(UART.o)
 .text.UART_SpiUartReadRxData
                0x000019ec       0x20 .\CortexM0\ARM_GCC_541\Debug\BeoM_display.a(UART_SPI_UART.o)
                0x000019ec                UART_SpiUartReadRxData
 .text.UART_SpiUartGetRxBufferSize
                0x00001a0c       0x20 .\CortexM0\ARM_GCC_541\Debug\BeoM_display.a(UART_SPI_UART.o)
                0x00001a0c                UART_SpiUartGetRxBufferSize
 .text.UART_SpiUartWriteTxData
                0x00001a2c       0x2c .\CortexM0\ARM_GCC_541\Debug\BeoM_display.a(UART_SPI_UART.o)
                0x00001a2c                UART_SpiUartWriteTxData
 .text.UART_UartInit
                0x00001a58       0xbc .\CortexM0\ARM_GCC_541\Debug\BeoM_display.a(UART_UART.o)
                0x00001a58                UART_UartInit
 .text.UART_UartPostEnable
                0x00001b14       0x30 .\CortexM0\ARM_GCC_541\Debug\BeoM_display.a(UART_UART.o)
                0x00001b14                UART_UartPostEnable
 .text.UART_UartGetChar
                0x00001b44       0x40 .\CortexM0\ARM_GCC_541\Debug\BeoM_display.a(UART_UART.o)
                0x00001b44                UART_UartGetChar
 .text.UART_UartPutString
                0x00001b84       0x38 .\CortexM0\ARM_GCC_541\Debug\BeoM_display.a(UART_UART.o)
                0x00001b84                UART_UartPutString
 .text.Bootloadable_1_Load
                0x00001bbc       0x18 .\CortexM0\ARM_GCC_541\Debug\BeoM_display.a(Bootloadable_1.o)
                0x00001bbc                Bootloadable_1_Load
 .text.CySysClkWriteImoFreq
                0x00001bd4      0x1e4 .\CortexM0\ARM_GCC_541\Debug\BeoM_display.a(CyLib.o)
                0x00001bd4                CySysClkWriteImoFreq
 .text.CyIntSetVector
                0x00001db8       0x4c .\CortexM0\ARM_GCC_541\Debug\BeoM_display.a(CyLib.o)
                0x00001db8                CyIntSetVector
 .text.CyIntSetPriority
                0x00001e04       0xa8 .\CortexM0\ARM_GCC_541\Debug\BeoM_display.a(CyLib.o)
                0x00001e04                CyIntSetPriority
 .text.CyIntEnable
                0x00001eac       0x2c .\CortexM0\ARM_GCC_541\Debug\BeoM_display.a(CyLib.o)
                0x00001eac                CyIntEnable
 .text.CyIntDisable
                0x00001ed8       0x2c .\CortexM0\ARM_GCC_541\Debug\BeoM_display.a(CyLib.o)
                0x00001ed8                CyIntDisable
 .text.CyHalt   0x00001f04       0x18 .\CortexM0\ARM_GCC_541\Debug\BeoM_display.a(CyLib.o)
                0x00001f04                CyHalt
 .text.CySoftwareReset
                0x00001f1c       0x24 .\CortexM0\ARM_GCC_541\Debug\BeoM_display.a(CyLib.o)
                0x00001f1c                CySoftwareReset
 .text.CyDelayUs
                0x00001f40       0x28 .\CortexM0\ARM_GCC_541\Debug\BeoM_display.a(CyLib.o)
                0x00001f40                CyDelayUs
 .text.PSoC_LED_Write
                0x00001f68       0x50 .\CortexM0\ARM_GCC_541\Debug\BeoM_display.a(PSoC_LED.o)
                0x00001f68                PSoC_LED_Write
 .text.PSoC_LED_Read
                0x00001fb8       0x1c .\CortexM0\ARM_GCC_541\Debug\BeoM_display.a(PSoC_LED.o)
                0x00001fb8                PSoC_LED_Read
 .text.DISPLAY_Timer_INT_StartEx
                0x00001fd4       0x28 .\CortexM0\ARM_GCC_541\Debug\BeoM_display.a(DISPLAY_Timer_INT.o)
                0x00001fd4                DISPLAY_Timer_INT_StartEx
 .text.DISPLAY_Timer_INT_SetVector
                0x00001ffc       0x1c .\CortexM0\ARM_GCC_541\Debug\BeoM_display.a(DISPLAY_Timer_INT.o)
                0x00001ffc                DISPLAY_Timer_INT_SetVector
 .text.DISPLAY_Timer_INT_SetPriority
                0x00002018       0x50 .\CortexM0\ARM_GCC_541\Debug\BeoM_display.a(DISPLAY_Timer_INT.o)
                0x00002018                DISPLAY_Timer_INT_SetPriority
 .text.DISPLAY_Timer_INT_Enable
                0x00002068       0x14 .\CortexM0\ARM_GCC_541\Debug\BeoM_display.a(DISPLAY_Timer_INT.o)
                0x00002068                DISPLAY_Timer_INT_Enable
 .text.DISPLAY_Timer_INT_Disable
                0x0000207c       0x14 .\CortexM0\ARM_GCC_541\Debug\BeoM_display.a(DISPLAY_Timer_INT.o)
                0x0000207c                DISPLAY_Timer_INT_Disable
 .text.DISPLAY_Timer_Init
                0x00002090       0x54 .\CortexM0\ARM_GCC_541\Debug\BeoM_display.a(DISPLAY_Timer.o)
                0x00002090                DISPLAY_Timer_Init
 .text.DISPLAY_Timer_Enable
                0x000020e4       0x20 .\CortexM0\ARM_GCC_541\Debug\BeoM_display.a(DISPLAY_Timer.o)
                0x000020e4                DISPLAY_Timer_Enable
 .text.DISPLAY_Timer_Start
                0x00002104       0x24 .\CortexM0\ARM_GCC_541\Debug\BeoM_display.a(DISPLAY_Timer.o)
                0x00002104                DISPLAY_Timer_Start
 .text.DISPLAY_Timer_Stop
                0x00002128       0x20 .\CortexM0\ARM_GCC_541\Debug\BeoM_display.a(DISPLAY_Timer.o)
                0x00002128                DISPLAY_Timer_Stop
 .text.DISPLAY_Timer_SetInterruptMode
                0x00002148       0x20 .\CortexM0\ARM_GCC_541\Debug\BeoM_display.a(DISPLAY_Timer.o)
                0x00002148                DISPLAY_Timer_SetInterruptMode
 .text.DISPLAY_Timer_ReadStatusRegister
                0x00002168       0x14 .\CortexM0\ARM_GCC_541\Debug\BeoM_display.a(DISPLAY_Timer.o)
                0x00002168                DISPLAY_Timer_ReadStatusRegister
 .text.DISPLAY_Timer_WritePeriod
                0x0000217c       0x20 .\CortexM0\ARM_GCC_541\Debug\BeoM_display.a(DISPLAY_Timer.o)
                0x0000217c                DISPLAY_Timer_WritePeriod
 .text.DISPLAY_Timer_ReadCapture
                0x0000219c       0x14 .\CortexM0\ARM_GCC_541\Debug\BeoM_display.a(DISPLAY_Timer.o)
                0x0000219c                DISPLAY_Timer_ReadCapture
 .text.DISPLAY_Timer_WriteCounter
                0x000021b0       0x20 .\CortexM0\ARM_GCC_541\Debug\BeoM_display.a(DISPLAY_Timer.o)
                0x000021b0                DISPLAY_Timer_WriteCounter
 .text.DISPLAY_Timer_ClearFIFO
                0x000021d0       0x20 .\CortexM0\ARM_GCC_541\Debug\BeoM_display.a(DISPLAY_Timer.o)
                0x000021d0                DISPLAY_Timer_ClearFIFO
 .text.SPIS_Init
                0x000021f0       0x10 .\CortexM0\ARM_GCC_541\Debug\BeoM_display.a(SPIS.o)
                0x000021f0                SPIS_Init
 .text.SPIS_Enable
                0x00002200       0x24 .\CortexM0\ARM_GCC_541\Debug\BeoM_display.a(SPIS.o)
                0x00002200                SPIS_Enable
 .text.SPIS_Start
                0x00002224       0x24 .\CortexM0\ARM_GCC_541\Debug\BeoM_display.a(SPIS.o)
                0x00002224                SPIS_Start
 .text.SPIS_SetCustomInterruptHandler
                0x00002248       0x1c .\CortexM0\ARM_GCC_541\Debug\BeoM_display.a(SPIS.o)
                0x00002248                SPIS_SetCustomInterruptHandler
 .text.SPIS_ScbEnableIntr
                0x00002264       0x10 .\CortexM0\ARM_GCC_541\Debug\BeoM_display.a(SPIS.o)
 .text.SPIS_ScbModePostEnable
                0x00002274       0x10 .\CortexM0\ARM_GCC_541\Debug\BeoM_display.a(SPIS.o)
 .text.SPIS_SpiUartReadRxData
                0x00002284       0x50 .\CortexM0\ARM_GCC_541\Debug\BeoM_display.a(SPIS_SPI_UART.o)
                0x00002284                SPIS_SpiUartReadRxData
 .text.SPIS_SpiUartGetRxBufferSize
                0x000022d4       0x40 .\CortexM0\ARM_GCC_541\Debug\BeoM_display.a(SPIS_SPI_UART.o)
                0x000022d4                SPIS_SpiUartGetRxBufferSize
 .text.SPIS_SpiUartClearRxBuffer
                0x00002314       0x60 .\CortexM0\ARM_GCC_541\Debug\BeoM_display.a(SPIS_SPI_UART.o)
                0x00002314                SPIS_SpiUartClearRxBuffer
 .text.SPIS_SpiUartWriteTxData
                0x00002374       0x9c .\CortexM0\ARM_GCC_541\Debug\BeoM_display.a(SPIS_SPI_UART.o)
                0x00002374                SPIS_SpiUartWriteTxData
 .text.SPIS_SpiUartPutArray
                0x00002410       0x34 .\CortexM0\ARM_GCC_541\Debug\BeoM_display.a(SPIS_SPI_UART.o)
                0x00002410                SPIS_SpiUartPutArray
 .text.SPIS_SpiUartClearTxBuffer
                0x00002444       0x68 .\CortexM0\ARM_GCC_541\Debug\BeoM_display.a(SPIS_SPI_UART.o)
                0x00002444                SPIS_SpiUartClearTxBuffer
 .text.SPIS_SpiInit
                0x000024ac       0xec .\CortexM0\ARM_GCC_541\Debug\BeoM_display.a(SPIS_SPI.o)
                0x000024ac                SPIS_SpiInit
 .text.SPIS_SpiPostEnable
                0x00002598       0x1c .\CortexM0\ARM_GCC_541\Debug\BeoM_display.a(SPIS_SPI.o)
                0x00002598                SPIS_SpiPostEnable
 .text.SPIS_SPI_UART_ISR
                0x000025b4      0x118 .\CortexM0\ARM_GCC_541\Debug\BeoM_display.a(SPIS_SPI_UART_INT.o)
                0x000025b4                SPIS_SPI_UART_ISR
 .text.Push_button_Read
                0x000026cc       0x1c .\CortexM0\ARM_GCC_541\Debug\BeoM_display.a(Push_button.o)
                0x000026cc                Push_button_Read
 .text          0x000026e8       0x24 .\CortexM0\ARM_GCC_541\Debug\BeoM_display.a(CyBootAsmGnu.o)
                0x000026e8                CyDelayCycles
                0x000026fc                CyEnterCriticalSection
                0x00002704                CyExitCriticalSection
 .text.__errno  0x0000270c        0xc c:/program files (x86)/cypress/psoc creator/4.3/psoc creator/import/gnu/arm/5.4.1/bin/../lib/gcc/arm-none-eabi/5.4.1/../../../../arm-none-eabi/lib/armv6-m\libg_nano.a(lib_a-errno.o)
                0x0000270c                __errno
 .text.__libc_init_array
                0x00002718       0x4c c:/program files (x86)/cypress/psoc creator/4.3/psoc creator/import/gnu/arm/5.4.1/bin/../lib/gcc/arm-none-eabi/5.4.1/../../../../arm-none-eabi/lib/armv6-m\libg_nano.a(lib_a-init.o)
                0x00002718                __libc_init_array
 .text.memset   0x00002764       0x10 c:/program files (x86)/cypress/psoc creator/4.3/psoc creator/import/gnu/arm/5.4.1/bin/../lib/gcc/arm-none-eabi/5.4.1/../../../../arm-none-eabi/lib/armv6-m\libg_nano.a(lib_a-memset.o)
                0x00002764                memset
 *(.plt)
 *(.gnu.warning)
 *(.glue_7t)
 .glue_7t       0x00002774        0x0 linker stubs
 *(.glue_7)
 .glue_7        0x00002774        0x0 linker stubs
 *(.vfp11_veneer)
 .vfp11_veneer  0x00002774        0x0 linker stubs
 *(.bootloader)
 *(.ARM.extab* .gnu.linkonce.armextab.*)
 *(.gcc_except_table)

.v4_bx          0x00002774        0x0
 .v4_bx         0x00002774        0x0 linker stubs

.iplt           0x00002774        0x0
 .iplt          0x00002774        0x0 c:/program files (x86)/cypress/psoc creator/4.3/psoc creator/import/gnu/arm/5.4.1/bin/../lib/gcc/arm-none-eabi/5.4.1/armv6-m/crtbegin.o

.eh_frame_hdr
 *(.eh_frame_hdr)

.eh_frame       0x00002774        0x4
 *(.eh_frame)
 .eh_frame      0x00002774        0x0 c:/program files (x86)/cypress/psoc creator/4.3/psoc creator/import/gnu/arm/5.4.1/bin/../lib/gcc/arm-none-eabi/5.4.1/armv6-m/crtbegin.o
 .eh_frame      0x00002774        0x4 c:/program files (x86)/cypress/psoc creator/4.3/psoc creator/import/gnu/arm/5.4.1/bin/../lib/gcc/arm-none-eabi/5.4.1/armv6-m/crtend.o
                [!provide]                PROVIDE (__exidx_start, .)

.ARM.exidx
 *(.ARM.exidx* .gnu.linkonce.armexidx.*)
                0x00002778                __exidx_end = .

.rodata         0x00002778      0x238
 *(.rodata .rodata.* .gnu.linkonce.r.*)
 .rodata        0x00002778       0xa3 .\CortexM0\ARM_GCC_541\Debug\display.o
 *fill*         0x0000281b        0x1 
 .rodata        0x0000281c       0x1f .\CortexM0\ARM_GCC_541\Debug\operate.o
                0x0000281c                dummyRxBuffer
                0x00002838                dummyTxBuffer
 *fill*         0x0000283b        0x1 
 .rodata        0x0000283c      0x10c .\CortexM0\ARM_GCC_541\Debug\cyfitter_cfg.o
 .rodata        0x00002948       0x2e .\CortexM0\ARM_GCC_541\Debug\BeoM_display.a(CyLib.o)
                0x00002948                cyImoFreqMhz2Reg
 .rodata.str1.1
                0x00002976        0x2 c:/program files (x86)/cypress/psoc creator/4.3/psoc creator/import/gnu/arm/5.4.1/bin/../lib/gcc/arm-none-eabi/5.4.1/../../../../arm-none-eabi/lib/armv6-m\libg_nano.a(lib_a-impure.o)
                0x00002978                . = ALIGN (0x4)
 *(.init)
 .init          0x00002978        0x4 c:/program files (x86)/cypress/psoc creator/4.3/psoc creator/import/gnu/arm/5.4.1/bin/../lib/gcc/arm-none-eabi/5.4.1/armv6-m/crti.o
                0x00002978                _init
 .init          0x0000297c        0x8 c:/program files (x86)/cypress/psoc creator/4.3/psoc creator/import/gnu/arm/5.4.1/bin/../lib/gcc/arm-none-eabi/5.4.1/armv6-m/crtn.o
                0x00002984                . = ALIGN (0x4)
                0x00002984                __preinit_array_start = .
 *(.preinit_array)
                0x00002984                __preinit_array_end = .
                0x00002984                . = ALIGN (0x4)
                0x00002984                __init_array_start = .
 *(SORT(.init_array.*))
 *(.init_array)
 .init_array    0x00002984        0x4 c:/program files (x86)/cypress/psoc creator/4.3/psoc creator/import/gnu/arm/5.4.1/bin/../lib/gcc/arm-none-eabi/5.4.1/armv6-m/crtbegin.o
 .init_array    0x00002988        0x4 .\CortexM0\ARM_GCC_541\Debug\Cm0Start.o
                0x0000298c                __init_array_end = .
                0x0000298c                . = ALIGN (0x4)
 *(.fini)
 .fini          0x0000298c        0x4 c:/program files (x86)/cypress/psoc creator/4.3/psoc creator/import/gnu/arm/5.4.1/bin/../lib/gcc/arm-none-eabi/5.4.1/armv6-m/crti.o
                0x0000298c                _fini
 .fini          0x00002990        0x8 c:/program files (x86)/cypress/psoc creator/4.3/psoc creator/import/gnu/arm/5.4.1/bin/../lib/gcc/arm-none-eabi/5.4.1/armv6-m/crtn.o
                0x00002998                . = ALIGN (0x4)
                0x00002998                __fini_array_start = .
 *(.fini_array)
 .fini_array    0x00002998        0x4 c:/program files (x86)/cypress/psoc creator/4.3/psoc creator/import/gnu/arm/5.4.1/bin/../lib/gcc/arm-none-eabi/5.4.1/armv6-m/crtbegin.o
 *(SORT(.fini_array.*))
                0x0000299c                __fini_array_end = .
                0x0000299c                . = ALIGN (0x4)
 *crtbegin.o(.ctors)
 *(EXCLUDE_FILE(*crtend.o) .ctors)
 *(SORT(.ctors.*))
 *crtend.o(.ctors)
                0x0000299c                . = ALIGN (0x4)
 *crtbegin.o(.dtors)
 *(EXCLUDE_FILE(*crtend.o) .dtors)
 *(SORT(.dtors.*))
 *crtend.o(.dtors)
                0x0000299c                . = ALIGN (0x4)
                0x0000299c                __cy_regions = .
                0x0000299c        0x4 LONG 0x29b0 __cy_region_init_ram
                0x000029a0        0x4 LONG 0x200000d0 __cy_region_start_data
                0x000029a4        0x4 LONG 0x80 __cy_region_init_size_ram
                0x000029a8        0x4 LONG 0xc0 __cy_region_zero_size_ram
                0x000029ac                __cy_regions_end = .
                0x000029b0                . = ALIGN (0x8)
 *fill*         0x000029ac        0x4 
                0x000029b0                _etext = .

.ramvectors     0x20000000       0xc0
                0x20000000                __cy_region_start_ram = .
 *(.ramvectors)
 .ramvectors    0x20000000       0xc0 .\CortexM0\ARM_GCC_541\Debug\Cm0Start.o
                0x20000000                CyRamVectors

.btldr_run      0x200000c0        0x4
 *(.bootloaderruntype)
 .bootloaderruntype
                0x200000c0        0x4 .\CortexM0\ARM_GCC_541\Debug\Cm0Start.o
                0x200000c0                cyBtldrRunType

.noinit         0x200000c8        0x4
 *(.noinit)
 .noinit        0x200000c8        0x4 .\CortexM0\ARM_GCC_541\Debug\Cm0Start.o

.data           0x200000d0       0x80 load address 0x000029b0
                0x200000d0                __cy_region_start_data = .
 *(.jcr)
 .jcr           0x200000d0        0x0 c:/program files (x86)/cypress/psoc creator/4.3/psoc creator/import/gnu/arm/5.4.1/bin/../lib/gcc/arm-none-eabi/5.4.1/armv6-m/crtbegin.o
 .jcr           0x200000d0        0x4 c:/program files (x86)/cypress/psoc creator/4.3/psoc creator/import/gnu/arm/5.4.1/bin/../lib/gcc/arm-none-eabi/5.4.1/armv6-m/crtend.o
 *(.got.plt)
 *(.got)
 *(.shdata)
 *(.data .data.* .gnu.linkonce.d.*)
 .data          0x200000d4        0x3 .\CortexM0\ARM_GCC_541\Debug\operate.o
 *fill*         0x200000d7        0x1 
 .data          0x200000d8       0x14 .\CortexM0\ARM_GCC_541\Debug\BeoM_display.a(CyLib.o)
                0x200000d8                cydelayFreqHz
                0x200000dc                cydelayFreqKhz
                0x200000e0                cydelayFreqMhz
                0x200000e4                cydelay32kMs
                0x200000e8                CySysClkPumpConfig
 .data.impure_data
                0x200000ec       0x60 c:/program files (x86)/cypress/psoc creator/4.3/psoc creator/import/gnu/arm/5.4.1/bin/../lib/gcc/arm-none-eabi/5.4.1/../../../../arm-none-eabi/lib/armv6-m\libg_nano.a(lib_a-impure.o)
 .data._impure_ptr
                0x2000014c        0x4 c:/program files (x86)/cypress/psoc creator/4.3/psoc creator/import/gnu/arm/5.4.1/bin/../lib/gcc/arm-none-eabi/5.4.1/../../../../arm-none-eabi/lib/armv6-m\libg_nano.a(lib_a-impure.o)
                0x2000014c                _impure_ptr
                0x20000150                . = ALIGN (0x8)
 *(.ram)
                0x20000150                _edata = .

.igot.plt       0x20000150        0x0 load address 0x00002a30
 .igot.plt      0x20000150        0x0 c:/program files (x86)/cypress/psoc creator/4.3/psoc creator/import/gnu/arm/5.4.1/bin/../lib/gcc/arm-none-eabi/5.4.1/armv6-m/crtbegin.o

.bss            0x20000150       0xc0 load address 0x00002a30
                0x20000150                PROVIDE (__bss_start__, .)
 *(.shbss)
 *(.bss .bss.* .gnu.linkonce.b.*)
 .bss           0x20000150       0x1c c:/program files (x86)/cypress/psoc creator/4.3/psoc creator/import/gnu/arm/5.4.1/bin/../lib/gcc/arm-none-eabi/5.4.1/armv6-m/crtbegin.o
 .bss           0x2000016c        0x1 .\CortexM0\ARM_GCC_541\Debug\main.o
                0x2000016c                display_status
 .bss           0x2000016d        0x1 .\CortexM0\ARM_GCC_541\Debug\inputs.o
                0x2000016d                flag
 *fill*         0x2000016e        0x2 
 .bss           0x20000170       0x1f .\CortexM0\ARM_GCC_541\Debug\operate.o
                0x20000170                RxBuffer
                0x2000018c                TxBuffer
 *fill*         0x2000018f        0x1 
 .bss           0x20000190        0x4 .\CortexM0\ARM_GCC_541\Debug\BeoM_display.a(UART.o)
                0x20000190                UART_initVar
                0x20000192                UART_IntrTxMask
 .bss           0x20000194        0x1 .\CortexM0\ARM_GCC_541\Debug\BeoM_display.a(DISPLAY_Timer.o)
                0x20000194                DISPLAY_Timer_initVar
 *fill*         0x20000195        0x3 
 .bss           0x20000198        0x8 .\CortexM0\ARM_GCC_541\Debug\BeoM_display.a(SPIS.o)
                0x20000198                SPIS_initVar
                0x2000019a                SPIS_IntrTxMask
                0x2000019c                SPIS_customIntrHandler
 *(COMMON)
 COMMON         0x200001a0        0x4 .\CortexM0\ARM_GCC_541\Debug\main.o
                0x200001a0                ch
 COMMON         0x200001a4       0x68 .\CortexM0\ARM_GCC_541\Debug\BeoM_display.a(SPIS_SPI_UART.o)
                0x200001a4                SPIS_txBufferHead
                0x200001a8                SPIS_rxBufferOverflow
                0x200001ac                SPIS_rxBufferInternal
                0x200001d8                SPIS_txBufferTail
                0x200001dc                SPIS_rxBufferTail
                0x200001e0                SPIS_txBufferInternal
                0x20000208                SPIS_rxBufferHead
                0x20000210                . = ALIGN (0x8)
 *fill*         0x2000020c        0x4 
 *(.ram.b)
                0x20000210                _end = .
                0x20000210                __end = .
                0x20000210                PROVIDE (end, .)
                0x20000210                PROVIDE (__bss_end__, .)
                0x000029b0                __cy_region_init_ram = LOADADDR (.data)
                0x00000080                __cy_region_init_size_ram = (_edata - ADDR (.data))
                0x000000c0                __cy_region_zero_size_ram = (_end - _edata)

.heap           0x20000210      0x100 load address 0x00002a30
                0x20000210                . = _end
                0x20000310                . = (. + 0x100)
 *fill*         0x20000210      0x100 
                0x20000310                __cy_heap_limit = .

.stack          0x20000c00      0x400
                0x20000c00                __cy_stack_limit = .
                0x20001000                . = (. + 0x400)
 *fill*         0x20000c00      0x400 
                0x00000001                ASSERT ((__cy_stack_limit >= __cy_heap_limit), region RAM overflowed with stack)

.cy_checksum_exclude
                0x00007f00        0x0
 *(.cy_checksum_exclude)
                0x00000000                cy_checksum_exclude_size = (CY_APPL_LOADABLE == 0x1)?SIZEOF (.cy_checksum_exclude):0x0
                0x00000001                ASSERT ((cy_checksum_exclude_size <= CY_CHECKSUM_EXCLUDE_SIZE), CY_BOOT: Section .cy_checksum_exclude size exceedes specified limit.)
                0xf0000000                cyloadermeta_start = (cy_project_type_bootloader || cy_project_type_app_for_stack_and_copier)?(LENGTH (rom) - CY_METADATA_SIZE):0xf0000000

.cyloadermeta   0xf0000000       0x40
 *(.cyloadermeta)
 .cyloadermeta  0xf0000000       0x40 .\CortexM0\ARM_GCC_541\Debug\cybootloader.o
                0xf0000000                cy_meta_loader
                0x00007fc0                cyloadablemeta_start = cy_project_type_app_for_stack_and_copier?((LENGTH (rom) - CY_FLASH_ROW_SIZE) - CY_METADATA_SIZE):((LENGTH (rom) - (CY_FLASH_ROW_SIZE * (CY_APPL_NUM - 0x1))) - CY_METADATA_SIZE)

.cyloadablemeta
                0x00007fc0       0x40
 *(.cyloadablemeta)
 .cyloadablemeta
                0x00007fc0       0x40 .\CortexM0\ARM_GCC_541\Debug\cymetadata.o
                0x00007fc0                cy_meta_loadable

.cyflashprotect
                0x90400000       0x20
 *(.cyflashprotect)
 .cyflashprotect
                0x90400000       0x20 .\CortexM0\ARM_GCC_541\Debug\cybootloader.o
                0x90400000                cy_meta_flashprotect

.cymeta         0x90500000        0xc
 *(.cymeta)
 .cymeta        0x90500000        0xc .\CortexM0\ARM_GCC_541\Debug\cybootloader.o
                0x90500000                cy_metadata

.cychipprotect  0x90600000        0x1
 *(.cychipprotect)
 .cychipprotect
                0x90600000        0x1 .\CortexM0\ARM_GCC_541\Debug\cybootloader.o
                0x90600000                cy_meta_chipprotect

.rel.dyn        0x00008000        0x0 load address 0x90600004
 .rel.iplt      0x00008000        0x0 c:/program files (x86)/cypress/psoc creator/4.3/psoc creator/import/gnu/arm/5.4.1/bin/../lib/gcc/arm-none-eabi/5.4.1/armv6-m/crtbegin.o

.stab
 *(.stab)

.stabstr
 *(.stabstr)

.debug
 *(.debug)

.line
 *(.line)

.debug_srcinfo
 *(.debug_srcinfo)

.debug_sfnames
 *(.debug_sfnames)

.debug_aranges  0x00000000      0x768
 *(.debug_aranges)
 .debug_aranges
                0x00000000       0x20 .\CortexM0\ARM_GCC_541\Debug\main.o
 .debug_aranges
                0x00000020       0x18 .\CortexM0\ARM_GCC_541\Debug\modes.o
 .debug_aranges
                0x00000038       0x20 .\CortexM0\ARM_GCC_541\Debug\display.o
 .debug_aranges
                0x00000058       0x28 .\CortexM0\ARM_GCC_541\Debug\inputs.o
 .debug_aranges
                0x00000080       0x30 .\CortexM0\ARM_GCC_541\Debug\operate.o
 .debug_aranges
                0x000000b0       0x50 .\CortexM0\ARM_GCC_541\Debug\cyfitter_cfg.o
 .debug_aranges
                0x00000100       0x18 .\CortexM0\ARM_GCC_541\Debug\cybootloader.o
 .debug_aranges
                0x00000118       0x18 .\CortexM0\ARM_GCC_541\Debug\cymetadata.o
 .debug_aranges
                0x00000130       0x48 .\CortexM0\ARM_GCC_541\Debug\Cm0Start.o
 .debug_aranges
                0x00000178       0x68 .\CortexM0\ARM_GCC_541\Debug\BeoM_display.a(UART.o)
 .debug_aranges
                0x000001e0       0x60 .\CortexM0\ARM_GCC_541\Debug\BeoM_display.a(UART_SPI_UART.o)
 .debug_aranges
                0x00000240       0x68 .\CortexM0\ARM_GCC_541\Debug\BeoM_display.a(UART_UART.o)
 .debug_aranges
                0x000002a8       0x28 .\CortexM0\ARM_GCC_541\Debug\BeoM_display.a(Bootloadable_1.o)
 .debug_aranges
                0x000002d0       0x38 .\CortexM0\ARM_GCC_541\Debug\BeoM_display.a(CyFlash.o)
 .debug_aranges
                0x00000308      0x180 .\CortexM0\ARM_GCC_541\Debug\BeoM_display.a(CyLib.o)
 .debug_aranges
                0x00000488       0x48 .\CortexM0\ARM_GCC_541\Debug\BeoM_display.a(PSoC_LED.o)
 .debug_aranges
                0x000004d0       0x80 .\CortexM0\ARM_GCC_541\Debug\BeoM_display.a(DISPLAY_Timer_INT.o)
 .debug_aranges
                0x00000550       0x90 .\CortexM0\ARM_GCC_541\Debug\BeoM_display.a(DISPLAY_Timer.o)
 .debug_aranges
                0x000005e0       0x70 .\CortexM0\ARM_GCC_541\Debug\BeoM_display.a(SPIS.o)
 .debug_aranges
                0x00000650       0x60 .\CortexM0\ARM_GCC_541\Debug\BeoM_display.a(SPIS_SPI_UART.o)
 .debug_aranges
                0x000006b0       0x30 .\CortexM0\ARM_GCC_541\Debug\BeoM_display.a(SPIS_SPI.o)
 .debug_aranges
                0x000006e0       0x20 .\CortexM0\ARM_GCC_541\Debug\BeoM_display.a(SPIS_SPI_UART_INT.o)
 .debug_aranges
                0x00000700       0x48 .\CortexM0\ARM_GCC_541\Debug\BeoM_display.a(Push_button.o)
 .debug_aranges
                0x00000748       0x20 .\CortexM0\ARM_GCC_541\Debug\BeoM_display.a(CyBootAsmGnu.o)

.debug_pubnames
 *(.debug_pubnames)

.debug_info     0x00000000     0x3229
 *(.debug_info .gnu.linkonce.wi.*)
 .debug_info    0x00000000      0x18e .\CortexM0\ARM_GCC_541\Debug\main.o
 .debug_info    0x0000018e       0xa4 .\CortexM0\ARM_GCC_541\Debug\modes.o
 .debug_info    0x00000232      0x176 .\CortexM0\ARM_GCC_541\Debug\display.o
 .debug_info    0x000003a8       0xce .\CortexM0\ARM_GCC_541\Debug\inputs.o
 .debug_info    0x00000476      0x1c8 .\CortexM0\ARM_GCC_541\Debug\operate.o
 .debug_info    0x0000063e      0x35e .\CortexM0\ARM_GCC_541\Debug\cyfitter_cfg.o
 .debug_info    0x0000099c      0x153 .\CortexM0\ARM_GCC_541\Debug\cybootloader.o
 .debug_info    0x00000aef       0xac .\CortexM0\ARM_GCC_541\Debug\cymetadata.o
 .debug_info    0x00000b9b      0x323 .\CortexM0\ARM_GCC_541\Debug\Cm0Start.o
 .debug_info    0x00000ebe      0x1dc .\CortexM0\ARM_GCC_541\Debug\BeoM_display.a(UART.o)
 .debug_info    0x0000109a      0x218 .\CortexM0\ARM_GCC_541\Debug\BeoM_display.a(UART_SPI_UART.o)
 .debug_info    0x000012b2      0x27b .\CortexM0\ARM_GCC_541\Debug\BeoM_display.a(UART_UART.o)
 .debug_info    0x0000152d      0x15f .\CortexM0\ARM_GCC_541\Debug\BeoM_display.a(Bootloadable_1.o)
 .debug_info    0x0000168c      0x289 .\CortexM0\ARM_GCC_541\Debug\BeoM_display.a(CyFlash.o)
 .debug_info    0x00001915      0x8e1 .\CortexM0\ARM_GCC_541\Debug\BeoM_display.a(CyLib.o)
 .debug_info    0x000021f6      0x19a .\CortexM0\ARM_GCC_541\Debug\BeoM_display.a(PSoC_LED.o)
 .debug_info    0x00002390      0x24d .\CortexM0\ARM_GCC_541\Debug\BeoM_display.a(DISPLAY_Timer_INT.o)
 .debug_info    0x000025dd      0x25b .\CortexM0\ARM_GCC_541\Debug\BeoM_display.a(DISPLAY_Timer.o)
 .debug_info    0x00002838      0x21a .\CortexM0\ARM_GCC_541\Debug\BeoM_display.a(SPIS.o)
 .debug_info    0x00002a52      0x2fc .\CortexM0\ARM_GCC_541\Debug\BeoM_display.a(SPIS_SPI_UART.o)
 .debug_info    0x00002d4e      0x13f .\CortexM0\ARM_GCC_541\Debug\BeoM_display.a(SPIS_SPI.o)
 .debug_info    0x00002e8d      0x184 .\CortexM0\ARM_GCC_541\Debug\BeoM_display.a(SPIS_SPI_UART_INT.o)
 .debug_info    0x00003011      0x19a .\CortexM0\ARM_GCC_541\Debug\BeoM_display.a(Push_button.o)
 .debug_info    0x000031ab       0x7e .\CortexM0\ARM_GCC_541\Debug\BeoM_display.a(CyBootAsmGnu.o)

.debug_abbrev   0x00000000     0x14f6
 *(.debug_abbrev)
 .debug_abbrev  0x00000000       0x8f .\CortexM0\ARM_GCC_541\Debug\main.o
 .debug_abbrev  0x0000008f       0x44 .\CortexM0\ARM_GCC_541\Debug\modes.o
 .debug_abbrev  0x000000d3       0xa4 .\CortexM0\ARM_GCC_541\Debug\display.o
 .debug_abbrev  0x00000177       0x76 .\CortexM0\ARM_GCC_541\Debug\inputs.o
 .debug_abbrev  0x000001ed       0xe5 .\CortexM0\ARM_GCC_541\Debug\operate.o
 .debug_abbrev  0x000002d2      0x18a .\CortexM0\ARM_GCC_541\Debug\cyfitter_cfg.o
 .debug_abbrev  0x0000045c       0x77 .\CortexM0\ARM_GCC_541\Debug\cybootloader.o
 .debug_abbrev  0x000004d3       0x5d .\CortexM0\ARM_GCC_541\Debug\cymetadata.o
 .debug_abbrev  0x00000530      0x1d9 .\CortexM0\ARM_GCC_541\Debug\Cm0Start.o
 .debug_abbrev  0x00000709       0xe3 .\CortexM0\ARM_GCC_541\Debug\BeoM_display.a(UART.o)
 .debug_abbrev  0x000007ec      0x140 .\CortexM0\ARM_GCC_541\Debug\BeoM_display.a(UART_SPI_UART.o)
 .debug_abbrev  0x0000092c       0xfd .\CortexM0\ARM_GCC_541\Debug\BeoM_display.a(UART_UART.o)
 .debug_abbrev  0x00000a29       0xc0 .\CortexM0\ARM_GCC_541\Debug\BeoM_display.a(Bootloadable_1.o)
 .debug_abbrev  0x00000ae9      0x12f .\CortexM0\ARM_GCC_541\Debug\BeoM_display.a(CyFlash.o)
 .debug_abbrev  0x00000c18      0x19a .\CortexM0\ARM_GCC_541\Debug\BeoM_display.a(CyLib.o)
 .debug_abbrev  0x00000db2       0xaa .\CortexM0\ARM_GCC_541\Debug\BeoM_display.a(PSoC_LED.o)
 .debug_abbrev  0x00000e5c      0x16a .\CortexM0\ARM_GCC_541\Debug\BeoM_display.a(DISPLAY_Timer_INT.o)
 .debug_abbrev  0x00000fc6      0x11b .\CortexM0\ARM_GCC_541\Debug\BeoM_display.a(DISPLAY_Timer.o)
 .debug_abbrev  0x000010e1       0xdd .\CortexM0\ARM_GCC_541\Debug\BeoM_display.a(SPIS.o)
 .debug_abbrev  0x000011be      0x149 .\CortexM0\ARM_GCC_541\Debug\BeoM_display.a(SPIS_SPI_UART.o)
 .debug_abbrev  0x00001307       0x97 .\CortexM0\ARM_GCC_541\Debug\BeoM_display.a(SPIS_SPI.o)
 .debug_abbrev  0x0000139e       0x9a .\CortexM0\ARM_GCC_541\Debug\BeoM_display.a(SPIS_SPI_UART_INT.o)
 .debug_abbrev  0x00001438       0xaa .\CortexM0\ARM_GCC_541\Debug\BeoM_display.a(Push_button.o)
 .debug_abbrev  0x000014e2       0x14 .\CortexM0\ARM_GCC_541\Debug\BeoM_display.a(CyBootAsmGnu.o)

.debug_line     0x00000000     0x1ad4
 *(.debug_line)
 .debug_line    0x00000000       0x94 .\CortexM0\ARM_GCC_541\Debug\main.o
 .debug_line    0x00000094       0x4f .\CortexM0\ARM_GCC_541\Debug\modes.o
 .debug_line    0x000000e3       0xa2 .\CortexM0\ARM_GCC_541\Debug\display.o
 .debug_line    0x00000185       0x71 .\CortexM0\ARM_GCC_541\Debug\inputs.o
 .debug_line    0x000001f6       0xc8 .\CortexM0\ARM_GCC_541\Debug\operate.o
 .debug_line    0x000002be      0x19c .\CortexM0\ARM_GCC_541\Debug\cyfitter_cfg.o
 .debug_line    0x0000045a       0x53 .\CortexM0\ARM_GCC_541\Debug\cybootloader.o
 .debug_line    0x000004ad      0x141 .\CortexM0\ARM_GCC_541\Debug\cymetadata.o
 .debug_line    0x000005ee      0x1d0 .\CortexM0\ARM_GCC_541\Debug\Cm0Start.o
 .debug_line    0x000007be      0x124 .\CortexM0\ARM_GCC_541\Debug\BeoM_display.a(UART.o)
 .debug_line    0x000008e2      0x123 .\CortexM0\ARM_GCC_541\Debug\BeoM_display.a(UART_SPI_UART.o)
 .debug_line    0x00000a05      0x15f .\CortexM0\ARM_GCC_541\Debug\BeoM_display.a(UART_UART.o)
 .debug_line    0x00000b64       0xa5 .\CortexM0\ARM_GCC_541\Debug\BeoM_display.a(Bootloadable_1.o)
 .debug_line    0x00000c09      0x1a3 .\CortexM0\ARM_GCC_541\Debug\BeoM_display.a(CyFlash.o)
 .debug_line    0x00000dac      0x47b .\CortexM0\ARM_GCC_541\Debug\BeoM_display.a(CyLib.o)
 .debug_line    0x00001227       0xc0 .\CortexM0\ARM_GCC_541\Debug\BeoM_display.a(PSoC_LED.o)
 .debug_line    0x000012e7      0x150 .\CortexM0\ARM_GCC_541\Debug\BeoM_display.a(DISPLAY_Timer_INT.o)
 .debug_line    0x00001437      0x176 .\CortexM0\ARM_GCC_541\Debug\BeoM_display.a(DISPLAY_Timer.o)
 .debug_line    0x000015ad      0x13b .\CortexM0\ARM_GCC_541\Debug\BeoM_display.a(SPIS.o)
 .debug_line    0x000016e8      0x14f .\CortexM0\ARM_GCC_541\Debug\BeoM_display.a(SPIS_SPI_UART.o)
 .debug_line    0x00001837       0xc4 .\CortexM0\ARM_GCC_541\Debug\BeoM_display.a(SPIS_SPI.o)
 .debug_line    0x000018fb       0xad .\CortexM0\ARM_GCC_541\Debug\BeoM_display.a(SPIS_SPI_UART_INT.o)
 .debug_line    0x000019a8       0xc3 .\CortexM0\ARM_GCC_541\Debug\BeoM_display.a(Push_button.o)
 .debug_line    0x00001a6b       0x69 .\CortexM0\ARM_GCC_541\Debug\BeoM_display.a(CyBootAsmGnu.o)

.debug_frame    0x00000000     0x15a8
 *(.debug_frame)
 .debug_frame   0x00000000       0x2c .\CortexM0\ARM_GCC_541\Debug\main.o
 .debug_frame   0x0000002c       0x30 .\CortexM0\ARM_GCC_541\Debug\display.o
 .debug_frame   0x0000005c       0x48 .\CortexM0\ARM_GCC_541\Debug\inputs.o
 .debug_frame   0x000000a4       0x78 .\CortexM0\ARM_GCC_541\Debug\operate.o
 .debug_frame   0x0000011c       0xe8 .\CortexM0\ARM_GCC_541\Debug\cyfitter_cfg.o
 .debug_frame   0x00000204       0xc8 .\CortexM0\ARM_GCC_541\Debug\Cm0Start.o
 .debug_frame   0x000002cc      0x130 .\CortexM0\ARM_GCC_541\Debug\BeoM_display.a(UART.o)
 .debug_frame   0x000003fc      0x128 .\CortexM0\ARM_GCC_541\Debug\BeoM_display.a(UART_SPI_UART.o)
 .debug_frame   0x00000524      0x144 .\CortexM0\ARM_GCC_541\Debug\BeoM_display.a(UART_UART.o)
 .debug_frame   0x00000668       0x4c .\CortexM0\ARM_GCC_541\Debug\BeoM_display.a(Bootloadable_1.o)
 .debug_frame   0x000006b4       0x98 .\CortexM0\ARM_GCC_541\Debug\BeoM_display.a(CyFlash.o)
 .debug_frame   0x0000074c      0x588 .\CortexM0\ARM_GCC_541\Debug\BeoM_display.a(CyLib.o)
 .debug_frame   0x00000cd4       0xc8 .\CortexM0\ARM_GCC_541\Debug\BeoM_display.a(PSoC_LED.o)
 .debug_frame   0x00000d9c      0x190 .\CortexM0\ARM_GCC_541\Debug\BeoM_display.a(DISPLAY_Timer_INT.o)
 .debug_frame   0x00000f2c      0x1cc .\CortexM0\ARM_GCC_541\Debug\BeoM_display.a(DISPLAY_Timer.o)
 .debug_frame   0x000010f8      0x150 .\CortexM0\ARM_GCC_541\Debug\BeoM_display.a(SPIS.o)
 .debug_frame   0x00001248      0x128 .\CortexM0\ARM_GCC_541\Debug\BeoM_display.a(SPIS_SPI_UART.o)
 .debug_frame   0x00001370       0x64 .\CortexM0\ARM_GCC_541\Debug\BeoM_display.a(SPIS_SPI.o)
 .debug_frame   0x000013d4       0x30 .\CortexM0\ARM_GCC_541\Debug\BeoM_display.a(SPIS_SPI_UART_INT.o)
 .debug_frame   0x00001404       0xc8 .\CortexM0\ARM_GCC_541\Debug\BeoM_display.a(Push_button.o)
 .debug_frame   0x000014cc       0x20 c:/program files (x86)/cypress/psoc creator/4.3/psoc creator/import/gnu/arm/5.4.1/bin/../lib/gcc/arm-none-eabi/5.4.1/armv6-m\libgcc.a(_udivsi3.o)
 .debug_frame   0x000014ec       0x20 c:/program files (x86)/cypress/psoc creator/4.3/psoc creator/import/gnu/arm/5.4.1/bin/../lib/gcc/arm-none-eabi/5.4.1/../../../../arm-none-eabi/lib/armv6-m\libg_nano.a(lib_a-errno.o)
 .debug_frame   0x0000150c       0x28 c:/program files (x86)/cypress/psoc creator/4.3/psoc creator/import/gnu/arm/5.4.1/bin/../lib/gcc/arm-none-eabi/5.4.1/../../../../arm-none-eabi/lib/armv6-m\libg_nano.a(lib_a-exit.o)
 .debug_frame   0x00001534       0x2c c:/program files (x86)/cypress/psoc creator/4.3/psoc creator/import/gnu/arm/5.4.1/bin/../lib/gcc/arm-none-eabi/5.4.1/../../../../arm-none-eabi/lib/armv6-m\libg_nano.a(lib_a-init.o)
 .debug_frame   0x00001560       0x28 c:/program files (x86)/cypress/psoc creator/4.3/psoc creator/import/gnu/arm/5.4.1/bin/../lib/gcc/arm-none-eabi/5.4.1/../../../../arm-none-eabi/lib/armv6-m\libg_nano.a(lib_a-memcpy-stub.o)
 .debug_frame   0x00001588       0x20 c:/program files (x86)/cypress/psoc creator/4.3/psoc creator/import/gnu/arm/5.4.1/bin/../lib/gcc/arm-none-eabi/5.4.1/../../../../arm-none-eabi/lib/armv6-m\libg_nano.a(lib_a-memset.o)

.debug_str      0x00000000     0x1772
 *(.debug_str)
 .debug_str     0x00000000      0x178 .\CortexM0\ARM_GCC_541\Debug\main.o
                                0x1ca (size before relaxing)
 .debug_str     0x00000178        0x8 .\CortexM0\ARM_GCC_541\Debug\modes.o
                                0x17c (size before relaxing)
 .debug_str     0x00000180       0x31 .\CortexM0\ARM_GCC_541\Debug\display.o
                                0x1d5 (size before relaxing)
 .debug_str     0x000001b1       0x2c .\CortexM0\ARM_GCC_541\Debug\inputs.o
                                0x1a0 (size before relaxing)
 .debug_str     0x000001dd       0x5a .\CortexM0\ARM_GCC_541\Debug\operate.o
                                0x205 (size before relaxing)
 .debug_str     0x00000237      0x10f .\CortexM0\ARM_GCC_541\Debug\cyfitter_cfg.o
                                0x2ae (size before relaxing)
 .debug_str     0x00000346       0x78 .\CortexM0\ARM_GCC_541\Debug\cybootloader.o
                                0x1db (size before relaxing)
 .debug_str     0x000003be       0x3f .\CortexM0\ARM_GCC_541\Debug\cymetadata.o
                                0x192 (size before relaxing)
 .debug_str     0x000003fd      0x128 .\CortexM0\ARM_GCC_541\Debug\Cm0Start.o
                                0x2cb (size before relaxing)
 .debug_str     0x00000525      0x101 .\CortexM0\ARM_GCC_541\Debug\BeoM_display.a(UART.o)
                                0x284 (size before relaxing)
 .debug_str     0x00000626      0x135 .\CortexM0\ARM_GCC_541\Debug\BeoM_display.a(UART_SPI_UART.o)
                                0x2bc (size before relaxing)
 .debug_str     0x0000075b      0x143 .\CortexM0\ARM_GCC_541\Debug\BeoM_display.a(UART_UART.o)
                                0x2df (size before relaxing)
 .debug_str     0x0000089e       0x77 .\CortexM0\ARM_GCC_541\Debug\BeoM_display.a(Bootloadable_1.o)
                                0x214 (size before relaxing)
 .debug_str     0x00000915      0x140 .\CortexM0\ARM_GCC_541\Debug\BeoM_display.a(CyFlash.o)
                                0x2e1 (size before relaxing)
 .debug_str     0x00000a55      0x4b2 .\CortexM0\ARM_GCC_541\Debug\BeoM_display.a(CyLib.o)
                                0x669 (size before relaxing)
 .debug_str     0x00000f07       0xc5 .\CortexM0\ARM_GCC_541\Debug\BeoM_display.a(PSoC_LED.o)
                                0x239 (size before relaxing)
 .debug_str     0x00000fcc      0x19d .\CortexM0\ARM_GCC_541\Debug\BeoM_display.a(DISPLAY_Timer_INT.o)
                                0x353 (size before relaxing)
 .debug_str     0x00001169      0x209 .\CortexM0\ARM_GCC_541\Debug\BeoM_display.a(DISPLAY_Timer.o)
                                0x38c (size before relaxing)
 .debug_str     0x00001372      0x120 .\CortexM0\ARM_GCC_541\Debug\BeoM_display.a(SPIS.o)
                                0x2bf (size before relaxing)
 .debug_str     0x00001492      0x1a3 .\CortexM0\ARM_GCC_541\Debug\BeoM_display.a(SPIS_SPI_UART.o)
                                0x356 (size before relaxing)
 .debug_str     0x00001635       0x4f .\CortexM0\ARM_GCC_541\Debug\BeoM_display.a(SPIS_SPI.o)
                                0x240 (size before relaxing)
 .debug_str     0x00001684       0x3d .\CortexM0\ARM_GCC_541\Debug\BeoM_display.a(SPIS_SPI_UART_INT.o)
                                0x277 (size before relaxing)
 .debug_str     0x000016c1       0xb1 .\CortexM0\ARM_GCC_541\Debug\BeoM_display.a(Push_button.o)
                                0x24e (size before relaxing)

.debug_loc
 *(.debug_loc)

.debug_macinfo
 *(.debug_macinfo)

.debug_ranges   0x00000000      0x5c0
 *(.debug_ranges)
 .debug_ranges  0x00000000       0x10 .\CortexM0\ARM_GCC_541\Debug\main.o
 .debug_ranges  0x00000010       0x10 .\CortexM0\ARM_GCC_541\Debug\display.o
 .debug_ranges  0x00000020       0x18 .\CortexM0\ARM_GCC_541\Debug\inputs.o
 .debug_ranges  0x00000038       0x20 .\CortexM0\ARM_GCC_541\Debug\operate.o
 .debug_ranges  0x00000058       0x40 .\CortexM0\ARM_GCC_541\Debug\cyfitter_cfg.o
 .debug_ranges  0x00000098       0x38 .\CortexM0\ARM_GCC_541\Debug\Cm0Start.o
 .debug_ranges  0x000000d0       0x58 .\CortexM0\ARM_GCC_541\Debug\BeoM_display.a(UART.o)
 .debug_ranges  0x00000128       0x50 .\CortexM0\ARM_GCC_541\Debug\BeoM_display.a(UART_SPI_UART.o)
 .debug_ranges  0x00000178       0x58 .\CortexM0\ARM_GCC_541\Debug\BeoM_display.a(UART_UART.o)
 .debug_ranges  0x000001d0       0x18 .\CortexM0\ARM_GCC_541\Debug\BeoM_display.a(Bootloadable_1.o)
 .debug_ranges  0x000001e8       0x28 .\CortexM0\ARM_GCC_541\Debug\BeoM_display.a(CyFlash.o)
 .debug_ranges  0x00000210      0x170 .\CortexM0\ARM_GCC_541\Debug\BeoM_display.a(CyLib.o)
 .debug_ranges  0x00000380       0x38 .\CortexM0\ARM_GCC_541\Debug\BeoM_display.a(PSoC_LED.o)
 .debug_ranges  0x000003b8       0x70 .\CortexM0\ARM_GCC_541\Debug\BeoM_display.a(DISPLAY_Timer_INT.o)
 .debug_ranges  0x00000428       0x80 .\CortexM0\ARM_GCC_541\Debug\BeoM_display.a(DISPLAY_Timer.o)
 .debug_ranges  0x000004a8       0x60 .\CortexM0\ARM_GCC_541\Debug\BeoM_display.a(SPIS.o)
 .debug_ranges  0x00000508       0x50 .\CortexM0\ARM_GCC_541\Debug\BeoM_display.a(SPIS_SPI_UART.o)
 .debug_ranges  0x00000558       0x20 .\CortexM0\ARM_GCC_541\Debug\BeoM_display.a(SPIS_SPI.o)
 .debug_ranges  0x00000578       0x10 .\CortexM0\ARM_GCC_541\Debug\BeoM_display.a(SPIS_SPI_UART_INT.o)
 .debug_ranges  0x00000588       0x38 .\CortexM0\ARM_GCC_541\Debug\BeoM_display.a(Push_button.o)

.comment        0x00000000       0x6e
 .comment       0x00000000       0x6e .\CortexM0\ARM_GCC_541\Debug\main.o
                                 0x6f (size before relaxing)
 .comment       0x0000006e       0x6f .\CortexM0\ARM_GCC_541\Debug\modes.o
 .comment       0x0000006e       0x6f .\CortexM0\ARM_GCC_541\Debug\display.o
 .comment       0x0000006e       0x6f .\CortexM0\ARM_GCC_541\Debug\inputs.o
 .comment       0x0000006e       0x6f .\CortexM0\ARM_GCC_541\Debug\operate.o
 .comment       0x0000006e       0x6f .\CortexM0\ARM_GCC_541\Debug\cyfitter_cfg.o
 .comment       0x0000006e       0x6f .\CortexM0\ARM_GCC_541\Debug\cybootloader.o
 .comment       0x0000006e       0x6f .\CortexM0\ARM_GCC_541\Debug\cymetadata.o
 .comment       0x0000006e       0x6f .\CortexM0\ARM_GCC_541\Debug\Cm0Start.o
 .comment       0x0000006e       0x6f .\CortexM0\ARM_GCC_541\Debug\BeoM_display.a(UART.o)
 .comment       0x0000006e       0x6f .\CortexM0\ARM_GCC_541\Debug\BeoM_display.a(UART_SPI_UART.o)
 .comment       0x0000006e       0x6f .\CortexM0\ARM_GCC_541\Debug\BeoM_display.a(UART_UART.o)
 .comment       0x0000006e       0x6f .\CortexM0\ARM_GCC_541\Debug\BeoM_display.a(Bootloadable_1.o)
 .comment       0x0000006e       0x6f .\CortexM0\ARM_GCC_541\Debug\BeoM_display.a(CyFlash.o)
 .comment       0x0000006e       0x6f .\CortexM0\ARM_GCC_541\Debug\BeoM_display.a(CyLib.o)
 .comment       0x0000006e       0x6f .\CortexM0\ARM_GCC_541\Debug\BeoM_display.a(PSoC_LED.o)
 .comment       0x0000006e       0x6f .\CortexM0\ARM_GCC_541\Debug\BeoM_display.a(DISPLAY_Timer_INT.o)
 .comment       0x0000006e       0x6f .\CortexM0\ARM_GCC_541\Debug\BeoM_display.a(DISPLAY_Timer.o)
 .comment       0x0000006e       0x6f .\CortexM0\ARM_GCC_541\Debug\BeoM_display.a(SPIS.o)
 .comment       0x0000006e       0x6f .\CortexM0\ARM_GCC_541\Debug\BeoM_display.a(SPIS_SPI_UART.o)
 .comment       0x0000006e       0x6f .\CortexM0\ARM_GCC_541\Debug\BeoM_display.a(SPIS_SPI.o)
 .comment       0x0000006e       0x6f .\CortexM0\ARM_GCC_541\Debug\BeoM_display.a(SPIS_SPI_UART_INT.o)
 .comment       0x0000006e       0x6f .\CortexM0\ARM_GCC_541\Debug\BeoM_display.a(Push_button.o)

.debug_weaknames
 *(.debug_weaknames)

.debug_funcnames
 *(.debug_funcnames)

.debug_typenames
 *(.debug_typenames)

.debug_varnames
 *(.debug_varnames)

.note.gnu.arm.ident
 *(.note.gnu.arm.ident)

.ARM.attributes
                0x00000000       0x28
 *(.ARM.attributes)
 .ARM.attributes
                0x00000000       0x1e c:/program files (x86)/cypress/psoc creator/4.3/psoc creator/import/gnu/arm/5.4.1/bin/../lib/gcc/arm-none-eabi/5.4.1/armv6-m/crti.o
 .ARM.attributes
                0x0000001e       0x2c c:/program files (x86)/cypress/psoc creator/4.3/psoc creator/import/gnu/arm/5.4.1/bin/../lib/gcc/arm-none-eabi/5.4.1/armv6-m/crtbegin.o
 .ARM.attributes
                0x0000004a       0x1b c:/program files (x86)/cypress/psoc creator/4.3/psoc creator/import/gnu/arm/5.4.1/bin/../lib/gcc/arm-none-eabi/5.4.1/../../../../arm-none-eabi/lib/armv6-m/crt0.o
 .ARM.attributes
                0x00000065       0x31 .\CortexM0\ARM_GCC_541\Debug\main.o
 .ARM.attributes
                0x00000096       0x31 .\CortexM0\ARM_GCC_541\Debug\modes.o
 .ARM.attributes
                0x000000c7       0x31 .\CortexM0\ARM_GCC_541\Debug\display.o
 .ARM.attributes
                0x000000f8       0x31 .\CortexM0\ARM_GCC_541\Debug\inputs.o
 .ARM.attributes
                0x00000129       0x31 .\CortexM0\ARM_GCC_541\Debug\operate.o
 .ARM.attributes
                0x0000015a       0x31 .\CortexM0\ARM_GCC_541\Debug\cyfitter_cfg.o
 .ARM.attributes
                0x0000018b       0x31 .\CortexM0\ARM_GCC_541\Debug\cybootloader.o
 .ARM.attributes
                0x000001bc       0x31 .\CortexM0\ARM_GCC_541\Debug\cymetadata.o
 .ARM.attributes
                0x000001ed       0x31 .\CortexM0\ARM_GCC_541\Debug\Cm0Start.o
 .ARM.attributes
                0x0000021e       0x31 .\CortexM0\ARM_GCC_541\Debug\BeoM_display.a(UART.o)
 .ARM.attributes
                0x0000024f       0x31 .\CortexM0\ARM_GCC_541\Debug\BeoM_display.a(UART_SPI_UART.o)
 .ARM.attributes
                0x00000280       0x31 .\CortexM0\ARM_GCC_541\Debug\BeoM_display.a(UART_UART.o)
 .ARM.attributes
                0x000002b1       0x31 .\CortexM0\ARM_GCC_541\Debug\BeoM_display.a(Bootloadable_1.o)
 .ARM.attributes
                0x000002e2       0x31 .\CortexM0\ARM_GCC_541\Debug\BeoM_display.a(CyFlash.o)
 .ARM.attributes
                0x00000313       0x31 .\CortexM0\ARM_GCC_541\Debug\BeoM_display.a(CyLib.o)
 .ARM.attributes
                0x00000344       0x31 .\CortexM0\ARM_GCC_541\Debug\BeoM_display.a(PSoC_LED.o)
 .ARM.attributes
                0x00000375       0x31 .\CortexM0\ARM_GCC_541\Debug\BeoM_display.a(DISPLAY_Timer_INT.o)
 .ARM.attributes
                0x000003a6       0x31 .\CortexM0\ARM_GCC_541\Debug\BeoM_display.a(DISPLAY_Timer.o)
 .ARM.attributes
                0x000003d7       0x31 .\CortexM0\ARM_GCC_541\Debug\BeoM_display.a(SPIS.o)
 .ARM.attributes
                0x00000408       0x31 .\CortexM0\ARM_GCC_541\Debug\BeoM_display.a(SPIS_SPI_UART.o)
 .ARM.attributes
                0x00000439       0x31 .\CortexM0\ARM_GCC_541\Debug\BeoM_display.a(SPIS_SPI.o)
 .ARM.attributes
                0x0000046a       0x31 .\CortexM0\ARM_GCC_541\Debug\BeoM_display.a(SPIS_SPI_UART_INT.o)
 .ARM.attributes
                0x0000049b       0x31 .\CortexM0\ARM_GCC_541\Debug\BeoM_display.a(Push_button.o)
 .ARM.attributes
                0x000004cc       0x21 .\CortexM0\ARM_GCC_541\Debug\BeoM_display.a(CyBootAsmGnu.o)
 .ARM.attributes
                0x000004ed       0x1e c:/program files (x86)/cypress/psoc creator/4.3/psoc creator/import/gnu/arm/5.4.1/bin/../lib/gcc/arm-none-eabi/5.4.1/armv6-m\libgcc.a(_udivsi3.o)
 .ARM.attributes
                0x0000050b       0x1e c:/program files (x86)/cypress/psoc creator/4.3/psoc creator/import/gnu/arm/5.4.1/bin/../lib/gcc/arm-none-eabi/5.4.1/armv6-m\libgcc.a(_dvmd_tls.o)
 .ARM.attributes
                0x00000529       0x2c c:/program files (x86)/cypress/psoc creator/4.3/psoc creator/import/gnu/arm/5.4.1/bin/../lib/gcc/arm-none-eabi/5.4.1/../../../../arm-none-eabi/lib/armv6-m\libg_nano.a(lib_a-errno.o)
 .ARM.attributes
                0x00000555       0x2c c:/program files (x86)/cypress/psoc creator/4.3/psoc creator/import/gnu/arm/5.4.1/bin/../lib/gcc/arm-none-eabi/5.4.1/../../../../arm-none-eabi/lib/armv6-m\libg_nano.a(lib_a-exit.o)
 .ARM.attributes
                0x00000581       0x2c c:/program files (x86)/cypress/psoc creator/4.3/psoc creator/import/gnu/arm/5.4.1/bin/../lib/gcc/arm-none-eabi/5.4.1/../../../../arm-none-eabi/lib/armv6-m\libg_nano.a(lib_a-impure.o)
 .ARM.attributes
                0x000005ad       0x2c c:/program files (x86)/cypress/psoc creator/4.3/psoc creator/import/gnu/arm/5.4.1/bin/../lib/gcc/arm-none-eabi/5.4.1/../../../../arm-none-eabi/lib/armv6-m\libg_nano.a(lib_a-init.o)
 .ARM.attributes
                0x000005d9       0x2c c:/program files (x86)/cypress/psoc creator/4.3/psoc creator/import/gnu/arm/5.4.1/bin/../lib/gcc/arm-none-eabi/5.4.1/../../../../arm-none-eabi/lib/armv6-m\libg_nano.a(lib_a-memcpy-stub.o)
 .ARM.attributes
                0x00000605       0x2c c:/program files (x86)/cypress/psoc creator/4.3/psoc creator/import/gnu/arm/5.4.1/bin/../lib/gcc/arm-none-eabi/5.4.1/../../../../arm-none-eabi/lib/armv6-m\libg_nano.a(lib_a-memset.o)
 .ARM.attributes
                0x00000631       0x2c c:/program files (x86)/cypress/psoc creator/4.3/psoc creator/import/gnu/arm/5.4.1/bin/../lib/gcc/arm-none-eabi/5.4.1/armv6-m/crtend.o
 .ARM.attributes
                0x0000065d       0x1e c:/program files (x86)/cypress/psoc creator/4.3/psoc creator/import/gnu/arm/5.4.1/bin/../lib/gcc/arm-none-eabi/5.4.1/armv6-m/crtn.o

/DISCARD/
 *(.note.GNU-stack)
OUTPUT(C:\Users\Ala\Desktop\Cypress\BeoM_display.cydsn\CortexM0\ARM_GCC_541\Debug\BeoM_display.elf elf32-littlearm)
