ARM GAS  C:\Users\Ala\AppData\Local\Temp\cctVcZRH.s 			page 1


   1              		.syntax unified
   2              		.cpu cortex-m0
   3              		.fpu softvfp
   4              		.eabi_attribute 20, 1
   5              		.eabi_attribute 21, 1
   6              		.eabi_attribute 23, 3
   7              		.eabi_attribute 24, 1
   8              		.eabi_attribute 25, 1
   9              		.eabi_attribute 26, 1
  10              		.eabi_attribute 30, 6
  11              		.eabi_attribute 34, 0
  12              		.eabi_attribute 18, 4
  13              		.thumb
  14              		.syntax unified
  15              		.file	"inputs.c"
  16              		.text
  17              	.Ltext0:
  18              		.cfi_sections	.debug_frame
  19              		.global	flag
  20              		.bss
  21              		.type	flag, %object
  22              		.size	flag, 1
  23              	flag:
  24 0000 00       		.space	1
  25              		.section	.text.DISPLAY_Timer_INTHandler,"ax",%progbits
  26              		.align	2
  27              		.global	DISPLAY_Timer_INTHandler
  28              		.code	16
  29              		.thumb_func
  30              		.type	DISPLAY_Timer_INTHandler, %function
  31              	DISPLAY_Timer_INTHandler:
  32              	.LFB32:
  33              		.file 1 "inputs.c"
   1:inputs.c      **** /* ========================================
   2:inputs.c      ****  *
   3:inputs.c      ****  * Copyright HEMI, 2020
   4:inputs.c      ****  * All Rights Reserved
   5:inputs.c      ****  * UNPUBLISHED, LICENSED SOFTWARE.
   6:inputs.c      ****  * 
   7:inputs.c      ****  * Functions used by BeoModern main PSoC to monitor input informaiton coming from
   8:inputs.c      ****  * push buttons and over DataLink interface
   9:inputs.c      ****  *
  10:inputs.c      ****  * CONFIDENTIAL AND PROPRIETARY INFORMATION
  11:inputs.c      ****  * WHICH IS THE PROPERTY OF HEMI.
  12:inputs.c      ****  *
  13:inputs.c      ****  * ========================================
  14:inputs.c      **** */
  15:inputs.c      **** 
  16:inputs.c      **** #include <inputs.h>
  17:inputs.c      **** 
  18:inputs.c      **** // Changes in the interrupt to signal that the transfer was complete 
  19:inputs.c      **** uint8 flag = 0;
  20:inputs.c      **** 
  21:inputs.c      **** /*******************************************************************************
  22:inputs.c      **** * Function Name: CY_ISR(DISPLAY_Timer_INTHandler)
  23:inputs.c      **** ********************************************************************************
  24:inputs.c      **** * Summary:
ARM GAS  C:\Users\Ala\AppData\Local\Temp\cctVcZRH.s 			page 2


  25:inputs.c      **** *  The Interrupt Service Routine. Triggered by software when timer expires after 
  26:inputs.c      **** *  DISPLAY_Timer_Start() is called. It uses timer to count 2 seconds wait.
  27:inputs.c      **** *  This time is used to display information that are temporary (like button press
  28:inputs.c      **** *  or BT status).
  29:inputs.c      **** *   
  30:inputs.c      **** * Parameters:
  31:inputs.c      **** *  Timer interrupt handler 
  32:inputs.c      **** *
  33:inputs.c      **** * Return:
  34:inputs.c      **** *  updates DISPLAY_UPDATE variable.when TC is called.
  35:inputs.c      **** *
  36:inputs.c      **** ********************************************************************************/
  37:inputs.c      **** CY_ISR(DISPLAY_Timer_INTHandler)
  38:inputs.c      **** {
  34              		.loc 1 38 0
  35              		.cfi_startproc
  36              		@ args = 0, pretend = 0, frame = 0
  37              		@ frame_needed = 1, uses_anonymous_args = 0
  38 0000 80B5     		push	{r7, lr}
  39              		.cfi_def_cfa_offset 8
  40              		.cfi_offset 7, -8
  41              		.cfi_offset 14, -4
  42 0002 00AF     		add	r7, sp, #0
  43              		.cfi_def_cfa_register 7
  39:inputs.c      **** // Check if interrupt came from Timer Counter expired (indicating timer count elapsed)
  40:inputs.c      ****     if (0u != (DISPLAY_Timer_ReadStatusRegister() & 0x01))
  44              		.loc 1 40 0
  45 0004 FFF7FEFF 		bl	DISPLAY_Timer_ReadStatusRegister
  46 0008 0300     		movs	r3, r0
  47 000a 1A00     		movs	r2, r3
  48 000c 0123     		movs	r3, #1
  49 000e 1340     		ands	r3, r2
  50 0010 01D0     		beq	.L3
  41:inputs.c      ****     {
  42:inputs.c      **** // sets display update variable 
  43:inputs.c      **** //        DISPLAY_UPDATE = 1;
  44:inputs.c      **** // stop timer and wait for another software call to start        
  45:inputs.c      ****         DISPLAY_Timer_Stop();
  51              		.loc 1 45 0
  52 0012 FFF7FEFF 		bl	DISPLAY_Timer_Stop
  53              	.L3:
  46:inputs.c      ****     }
  47:inputs.c      **** }
  54              		.loc 1 47 0
  55 0016 C046     		nop
  56 0018 BD46     		mov	sp, r7
  57              		@ sp needed
  58 001a 80BD     		pop	{r7, pc}
  59              		.cfi_endproc
  60              	.LFE32:
  61              		.size	DISPLAY_Timer_INTHandler, .-DISPLAY_Timer_INTHandler
  62              		.section	.text.Slave_ISR,"ax",%progbits
  63              		.align	2
  64              		.global	Slave_ISR
  65              		.code	16
  66              		.thumb_func
  67              		.type	Slave_ISR, %function
ARM GAS  C:\Users\Ala\AppData\Local\Temp\cctVcZRH.s 			page 3


  68              	Slave_ISR:
  69              	.LFB33:
  48:inputs.c      **** 
  49:inputs.c      **** 
  50:inputs.c      **** 
  51:inputs.c      **** 
  52:inputs.c      **** /*******************************************************************************
  53:inputs.c      **** * Function Name: Slave_ISR
  54:inputs.c      **** ********************************************************************************
  55:inputs.c      **** * Summary:
  56:inputs.c      **** *  The main function performs the following actions:
  57:inputs.c      **** *   1. Sets the flag to 1
  58:inputs.c      **** *
  59:inputs.c      **** * Parameters:
  60:inputs.c      **** *  None
  61:inputs.c      **** *
  62:inputs.c      **** * Return:
  63:inputs.c      **** *  None
  64:inputs.c      **** *
  65:inputs.c      **** *******************************************************************************/
  66:inputs.c      **** void Slave_ISR()
  67:inputs.c      **** {
  70              		.loc 1 67 0
  71              		.cfi_startproc
  72              		@ args = 0, pretend = 0, frame = 0
  73              		@ frame_needed = 1, uses_anonymous_args = 0
  74 0000 80B5     		push	{r7, lr}
  75              		.cfi_def_cfa_offset 8
  76              		.cfi_offset 7, -8
  77              		.cfi_offset 14, -4
  78 0002 00AF     		add	r7, sp, #0
  79              		.cfi_def_cfa_register 7
  68:inputs.c      ****     /* Sets global flag for use by background thread */
  69:inputs.c      ****     flag = 1;
  80              		.loc 1 69 0
  81 0004 024B     		ldr	r3, .L5
  82 0006 0122     		movs	r2, #1
  83 0008 1A70     		strb	r2, [r3]
  70:inputs.c      **** }
  84              		.loc 1 70 0
  85 000a C046     		nop
  86 000c BD46     		mov	sp, r7
  87              		@ sp needed
  88 000e 80BD     		pop	{r7, pc}
  89              	.L6:
  90              		.align	2
  91              	.L5:
  92 0010 00000000 		.word	flag
  93              		.cfi_endproc
  94              	.LFE33:
  95              		.size	Slave_ISR, .-Slave_ISR
  96              		.text
  97              	.Letext0:
  98              		.file 2 "Generated_Source\\PSoC4/cytypes.h"
  99              		.section	.debug_info,"",%progbits
 100              	.Ldebug_info0:
 101 0000 CA000000 		.4byte	0xca
ARM GAS  C:\Users\Ala\AppData\Local\Temp\cctVcZRH.s 			page 4


 102 0004 0400     		.2byte	0x4
 103 0006 00000000 		.4byte	.Ldebug_abbrev0
 104 000a 04       		.byte	0x4
 105 000b 01       		.uleb128 0x1
 106 000c EB000000 		.4byte	.LASF14
 107 0010 0C       		.byte	0xc
 108 0011 9C000000 		.4byte	.LASF15
 109 0015 1B000000 		.4byte	.LASF16
 110 0019 00000000 		.4byte	.Ldebug_ranges0+0
 111 001d 00000000 		.4byte	0
 112 0021 00000000 		.4byte	.Ldebug_line0
 113 0025 02       		.uleb128 0x2
 114 0026 01       		.byte	0x1
 115 0027 06       		.byte	0x6
 116 0028 C9000000 		.4byte	.LASF0
 117 002c 02       		.uleb128 0x2
 118 002d 01       		.byte	0x1
 119 002e 08       		.byte	0x8
 120 002f 80000000 		.4byte	.LASF1
 121 0033 02       		.uleb128 0x2
 122 0034 02       		.byte	0x2
 123 0035 05       		.byte	0x5
 124 0036 A5000000 		.4byte	.LASF2
 125 003a 02       		.uleb128 0x2
 126 003b 02       		.byte	0x2
 127 003c 07       		.byte	0x7
 128 003d B6000000 		.4byte	.LASF3
 129 0041 02       		.uleb128 0x2
 130 0042 04       		.byte	0x4
 131 0043 05       		.byte	0x5
 132 0044 93000000 		.4byte	.LASF4
 133 0048 02       		.uleb128 0x2
 134 0049 04       		.byte	0x4
 135 004a 07       		.byte	0x7
 136 004b 51000000 		.4byte	.LASF5
 137 004f 02       		.uleb128 0x2
 138 0050 08       		.byte	0x8
 139 0051 05       		.byte	0x5
 140 0052 00000000 		.4byte	.LASF6
 141 0056 02       		.uleb128 0x2
 142 0057 08       		.byte	0x8
 143 0058 07       		.byte	0x7
 144 0059 63000000 		.4byte	.LASF7
 145 005d 03       		.uleb128 0x3
 146 005e 04       		.byte	0x4
 147 005f 05       		.byte	0x5
 148 0060 696E7400 		.ascii	"int\000"
 149 0064 02       		.uleb128 0x2
 150 0065 04       		.byte	0x4
 151 0066 07       		.byte	0x7
 152 0067 0E000000 		.4byte	.LASF8
 153 006b 04       		.uleb128 0x4
 154 006c 4B000000 		.4byte	.LASF17
 155 0070 02       		.byte	0x2
 156 0071 F701     		.2byte	0x1f7
 157 0073 2C000000 		.4byte	0x2c
 158 0077 02       		.uleb128 0x2
ARM GAS  C:\Users\Ala\AppData\Local\Temp\cctVcZRH.s 			page 5


 159 0078 04       		.byte	0x4
 160 0079 04       		.byte	0x4
 161 007a 7A000000 		.4byte	.LASF9
 162 007e 02       		.uleb128 0x2
 163 007f 08       		.byte	0x8
 164 0080 04       		.byte	0x4
 165 0081 AF000000 		.4byte	.LASF10
 166 0085 02       		.uleb128 0x2
 167 0086 01       		.byte	0x1
 168 0087 08       		.byte	0x8
 169 0088 8E000000 		.4byte	.LASF11
 170 008c 02       		.uleb128 0x2
 171 008d 08       		.byte	0x8
 172 008e 04       		.byte	0x4
 173 008f D5000000 		.4byte	.LASF12
 174 0093 02       		.uleb128 0x2
 175 0094 04       		.byte	0x4
 176 0095 07       		.byte	0x7
 177 0096 7E010000 		.4byte	.LASF13
 178 009a 05       		.uleb128 0x5
 179 009b 87010000 		.4byte	.LASF18
 180 009f 01       		.byte	0x1
 181 00a0 25       		.byte	0x25
 182 00a1 00000000 		.4byte	.LFB32
 183 00a5 1C000000 		.4byte	.LFE32-.LFB32
 184 00a9 01       		.uleb128 0x1
 185 00aa 9C       		.byte	0x9c
 186 00ab 06       		.uleb128 0x6
 187 00ac E1000000 		.4byte	.LASF19
 188 00b0 01       		.byte	0x1
 189 00b1 42       		.byte	0x42
 190 00b2 00000000 		.4byte	.LFB33
 191 00b6 14000000 		.4byte	.LFE33-.LFB33
 192 00ba 01       		.uleb128 0x1
 193 00bb 9C       		.byte	0x9c
 194 00bc 07       		.uleb128 0x7
 195 00bd 79010000 		.4byte	.LASF20
 196 00c1 01       		.byte	0x1
 197 00c2 13       		.byte	0x13
 198 00c3 6B000000 		.4byte	0x6b
 199 00c7 05       		.uleb128 0x5
 200 00c8 03       		.byte	0x3
 201 00c9 00000000 		.4byte	flag
 202 00cd 00       		.byte	0
 203              		.section	.debug_abbrev,"",%progbits
 204              	.Ldebug_abbrev0:
 205 0000 01       		.uleb128 0x1
 206 0001 11       		.uleb128 0x11
 207 0002 01       		.byte	0x1
 208 0003 25       		.uleb128 0x25
 209 0004 0E       		.uleb128 0xe
 210 0005 13       		.uleb128 0x13
 211 0006 0B       		.uleb128 0xb
 212 0007 03       		.uleb128 0x3
 213 0008 0E       		.uleb128 0xe
 214 0009 1B       		.uleb128 0x1b
 215 000a 0E       		.uleb128 0xe
ARM GAS  C:\Users\Ala\AppData\Local\Temp\cctVcZRH.s 			page 6


 216 000b 55       		.uleb128 0x55
 217 000c 17       		.uleb128 0x17
 218 000d 11       		.uleb128 0x11
 219 000e 01       		.uleb128 0x1
 220 000f 10       		.uleb128 0x10
 221 0010 17       		.uleb128 0x17
 222 0011 00       		.byte	0
 223 0012 00       		.byte	0
 224 0013 02       		.uleb128 0x2
 225 0014 24       		.uleb128 0x24
 226 0015 00       		.byte	0
 227 0016 0B       		.uleb128 0xb
 228 0017 0B       		.uleb128 0xb
 229 0018 3E       		.uleb128 0x3e
 230 0019 0B       		.uleb128 0xb
 231 001a 03       		.uleb128 0x3
 232 001b 0E       		.uleb128 0xe
 233 001c 00       		.byte	0
 234 001d 00       		.byte	0
 235 001e 03       		.uleb128 0x3
 236 001f 24       		.uleb128 0x24
 237 0020 00       		.byte	0
 238 0021 0B       		.uleb128 0xb
 239 0022 0B       		.uleb128 0xb
 240 0023 3E       		.uleb128 0x3e
 241 0024 0B       		.uleb128 0xb
 242 0025 03       		.uleb128 0x3
 243 0026 08       		.uleb128 0x8
 244 0027 00       		.byte	0
 245 0028 00       		.byte	0
 246 0029 04       		.uleb128 0x4
 247 002a 16       		.uleb128 0x16
 248 002b 00       		.byte	0
 249 002c 03       		.uleb128 0x3
 250 002d 0E       		.uleb128 0xe
 251 002e 3A       		.uleb128 0x3a
 252 002f 0B       		.uleb128 0xb
 253 0030 3B       		.uleb128 0x3b
 254 0031 05       		.uleb128 0x5
 255 0032 49       		.uleb128 0x49
 256 0033 13       		.uleb128 0x13
 257 0034 00       		.byte	0
 258 0035 00       		.byte	0
 259 0036 05       		.uleb128 0x5
 260 0037 2E       		.uleb128 0x2e
 261 0038 00       		.byte	0
 262 0039 3F       		.uleb128 0x3f
 263 003a 19       		.uleb128 0x19
 264 003b 03       		.uleb128 0x3
 265 003c 0E       		.uleb128 0xe
 266 003d 3A       		.uleb128 0x3a
 267 003e 0B       		.uleb128 0xb
 268 003f 3B       		.uleb128 0x3b
 269 0040 0B       		.uleb128 0xb
 270 0041 27       		.uleb128 0x27
 271 0042 19       		.uleb128 0x19
 272 0043 11       		.uleb128 0x11
ARM GAS  C:\Users\Ala\AppData\Local\Temp\cctVcZRH.s 			page 7


 273 0044 01       		.uleb128 0x1
 274 0045 12       		.uleb128 0x12
 275 0046 06       		.uleb128 0x6
 276 0047 40       		.uleb128 0x40
 277 0048 18       		.uleb128 0x18
 278 0049 9642     		.uleb128 0x2116
 279 004b 19       		.uleb128 0x19
 280 004c 00       		.byte	0
 281 004d 00       		.byte	0
 282 004e 06       		.uleb128 0x6
 283 004f 2E       		.uleb128 0x2e
 284 0050 00       		.byte	0
 285 0051 3F       		.uleb128 0x3f
 286 0052 19       		.uleb128 0x19
 287 0053 03       		.uleb128 0x3
 288 0054 0E       		.uleb128 0xe
 289 0055 3A       		.uleb128 0x3a
 290 0056 0B       		.uleb128 0xb
 291 0057 3B       		.uleb128 0x3b
 292 0058 0B       		.uleb128 0xb
 293 0059 11       		.uleb128 0x11
 294 005a 01       		.uleb128 0x1
 295 005b 12       		.uleb128 0x12
 296 005c 06       		.uleb128 0x6
 297 005d 40       		.uleb128 0x40
 298 005e 18       		.uleb128 0x18
 299 005f 9742     		.uleb128 0x2117
 300 0061 19       		.uleb128 0x19
 301 0062 00       		.byte	0
 302 0063 00       		.byte	0
 303 0064 07       		.uleb128 0x7
 304 0065 34       		.uleb128 0x34
 305 0066 00       		.byte	0
 306 0067 03       		.uleb128 0x3
 307 0068 0E       		.uleb128 0xe
 308 0069 3A       		.uleb128 0x3a
 309 006a 0B       		.uleb128 0xb
 310 006b 3B       		.uleb128 0x3b
 311 006c 0B       		.uleb128 0xb
 312 006d 49       		.uleb128 0x49
 313 006e 13       		.uleb128 0x13
 314 006f 3F       		.uleb128 0x3f
 315 0070 19       		.uleb128 0x19
 316 0071 02       		.uleb128 0x2
 317 0072 18       		.uleb128 0x18
 318 0073 00       		.byte	0
 319 0074 00       		.byte	0
 320 0075 00       		.byte	0
 321              		.section	.debug_aranges,"",%progbits
 322 0000 24000000 		.4byte	0x24
 323 0004 0200     		.2byte	0x2
 324 0006 00000000 		.4byte	.Ldebug_info0
 325 000a 04       		.byte	0x4
 326 000b 00       		.byte	0
 327 000c 0000     		.2byte	0
 328 000e 0000     		.2byte	0
 329 0010 00000000 		.4byte	.LFB32
ARM GAS  C:\Users\Ala\AppData\Local\Temp\cctVcZRH.s 			page 8


 330 0014 1C000000 		.4byte	.LFE32-.LFB32
 331 0018 00000000 		.4byte	.LFB33
 332 001c 14000000 		.4byte	.LFE33-.LFB33
 333 0020 00000000 		.4byte	0
 334 0024 00000000 		.4byte	0
 335              		.section	.debug_ranges,"",%progbits
 336              	.Ldebug_ranges0:
 337 0000 00000000 		.4byte	.LFB32
 338 0004 1C000000 		.4byte	.LFE32
 339 0008 00000000 		.4byte	.LFB33
 340 000c 14000000 		.4byte	.LFE33
 341 0010 00000000 		.4byte	0
 342 0014 00000000 		.4byte	0
 343              		.section	.debug_line,"",%progbits
 344              	.Ldebug_line0:
 345 0000 6D000000 		.section	.debug_str,"MS",%progbits,1
 345      02004300 
 345      00000201 
 345      FB0E0D00 
 345      01010101 
 346              	.LASF6:
 347 0000 6C6F6E67 		.ascii	"long long int\000"
 347      206C6F6E 
 347      6720696E 
 347      7400
 348              	.LASF8:
 349 000e 756E7369 		.ascii	"unsigned int\000"
 349      676E6564 
 349      20696E74 
 349      00
 350              	.LASF16:
 351 001b 433A5C55 		.ascii	"C:\\Users\\Ala\\Desktop\\Cypress\\BeoM_display.cyds"
 351      73657273 
 351      5C416C61 
 351      5C446573 
 351      6B746F70 
 352 0049 6E00     		.ascii	"n\000"
 353              	.LASF17:
 354 004b 75696E74 		.ascii	"uint8\000"
 354      3800
 355              	.LASF5:
 356 0051 6C6F6E67 		.ascii	"long unsigned int\000"
 356      20756E73 
 356      69676E65 
 356      6420696E 
 356      7400
 357              	.LASF7:
 358 0063 6C6F6E67 		.ascii	"long long unsigned int\000"
 358      206C6F6E 
 358      6720756E 
 358      7369676E 
 358      65642069 
 359              	.LASF9:
 360 007a 666C6F61 		.ascii	"float\000"
 360      7400
 361              	.LASF1:
 362 0080 756E7369 		.ascii	"unsigned char\000"
ARM GAS  C:\Users\Ala\AppData\Local\Temp\cctVcZRH.s 			page 9


 362      676E6564 
 362      20636861 
 362      7200
 363              	.LASF11:
 364 008e 63686172 		.ascii	"char\000"
 364      00
 365              	.LASF4:
 366 0093 6C6F6E67 		.ascii	"long int\000"
 366      20696E74 
 366      00
 367              	.LASF15:
 368 009c 696E7075 		.ascii	"inputs.c\000"
 368      74732E63 
 368      00
 369              	.LASF2:
 370 00a5 73686F72 		.ascii	"short int\000"
 370      7420696E 
 370      7400
 371              	.LASF10:
 372 00af 646F7562 		.ascii	"double\000"
 372      6C6500
 373              	.LASF3:
 374 00b6 73686F72 		.ascii	"short unsigned int\000"
 374      7420756E 
 374      7369676E 
 374      65642069 
 374      6E7400
 375              	.LASF0:
 376 00c9 7369676E 		.ascii	"signed char\000"
 376      65642063 
 376      68617200 
 377              	.LASF12:
 378 00d5 6C6F6E67 		.ascii	"long double\000"
 378      20646F75 
 378      626C6500 
 379              	.LASF19:
 380 00e1 536C6176 		.ascii	"Slave_ISR\000"
 380      655F4953 
 380      5200
 381              	.LASF14:
 382 00eb 474E5520 		.ascii	"GNU C11 5.4.1 20160609 (release) [ARM/embedded-5-br"
 382      43313120 
 382      352E342E 
 382      31203230 
 382      31363036 
 383 011e 616E6368 		.ascii	"anch revision 237715] -mcpu=cortex-m0 -mthumb -g -O"
 383      20726576 
 383      6973696F 
 383      6E203233 
 383      37373135 
 384 0151 30202D66 		.ascii	"0 -ffunction-sections -ffat-lto-objects\000"
 384      66756E63 
 384      74696F6E 
 384      2D736563 
 384      74696F6E 
 385              	.LASF20:
 386 0179 666C6167 		.ascii	"flag\000"
ARM GAS  C:\Users\Ala\AppData\Local\Temp\cctVcZRH.s 			page 10


 386      00
 387              	.LASF13:
 388 017e 73697A65 		.ascii	"sizetype\000"
 388      74797065 
 388      00
 389              	.LASF18:
 390 0187 44495350 		.ascii	"DISPLAY_Timer_INTHandler\000"
 390      4C41595F 
 390      54696D65 
 390      725F494E 
 390      5448616E 
 391              		.ident	"GCC: (GNU Tools for ARM Embedded Processors) 5.4.1 20160609 (release) [ARM/embedded-5-bran
